<html>
<body>
<pre>
<h1>礦ision Build Log</h1>
<h2>Tool Versions:</h2>
IDE-Version: μVision V5.21.1.0
Copyright (C) 2016 ARM Ltd and ARM Germany GmbH. All rights reserved.
License Information: 55 Administrator, 55, LIC=03CX7-EH5ZD-ZWI2V-PP222-AZNPF-I3WIV
 
Tool Versions:
Toolchain:       MDK-ARM Plus  Version: 5.21a
Toolchain Path:  C:\Keil_v5\ARM\ARMCC\Bin
C Compiler:      Armcc.exe V5.06 update 3 (build 300)
Assembler:       Armasm.exe V5.06 update 3 (build 300)
Linker/Locator:  ArmLink.exe V5.06 update 3 (build 300)
Library Manager: ArmAr.exe V5.06 update 3 (build 300)
Hex Converter:   FromElf.exe V5.06 update 3 (build 300)
CPU DLL:         SARMCM3.DLL V5.21a
Dialog DLL:      DCM.DLL V1.13.8.0
Target DLL:      Segger\JL2CM3.dll V2.99.23.0
Dialog DLL:      TCM.DLL V1.14.14.0
 
<h2>Project:</h2>
E:\工作\AP_3RF\AP_3RF\MDK-ARM\AP_3RF.uvprojx
Project File Date:  04/17/2019

<h2>Output:</h2>
*** Using Compiler 'V5.06 update 3 (build 300)', folder: 'C:\Keil_v5\ARM\ARMCC\Bin'
Build target 'AP_3RF'
compiling rf.c...
..\user\rf.h(100): warning:  #1295-D: Deprecated declaration debug_rf_send_syn_ok - give arg types
  void debug_rf_send_syn_ok();
..\user\rf.c(343): warning:  #177-D: variable "i" was declared but never referenced
  	uint32_t i;
..\user\rf.c(477): warning:  #177-D: variable "pstr" was declared but never referenced
  	char *pstr;
..\user\rf.c(478): warning:  #177-D: variable "error" was declared but never referenced
  	static int error;
..\user\rf.c(678): warning:  #177-D: variable "pstr" was declared but never referenced
  	char *pstr;
..\user\rf.c(679): warning:  #177-D: variable "error" was declared but never referenced
  	static int error;
..\user\rf.c(834): warning:  #177-D: variable "pstr" was declared but never referenced
  	char *pstr;
..\user\rf.c(835): warning:  #177-D: variable "error" was declared but never referenced
  	static int error;
..\user\rf.c: 8 warnings, 0 errors
compiling main.c...
..\user\rf.h(100): warning:  #1295-D: Deprecated declaration debug_rf_send_syn_ok - give arg types
  void debug_rf_send_syn_ok();
..\user\debug_uart.h(9): warning:  #1295-D: Deprecated declaration print_version - give arg types
  void print_version();
..\user\debug_uart.h(14): warning:  #1295-D: Deprecated declaration start_from_debug_dma_receive - give arg types
  void start_from_debug_dma_receive();
../Src/main.c(110): warning:  #177-D: variable "aaa" was declared but never referenced
  	uint32_t aaa;
../Src/main.c: 4 warnings, 0 errors
linking...
Program Size: Code=29616 RO-data=2752 RW-data=488 ZI-data=7424  
FromELF: creating hex file...
After Build - User command #1: C:/keil_v5/ARM/ARMCC/bin/fromelf.exe  --bin -o AP_3RF.bin ./AP_3RF/AP_3RF.axf
"AP_3RF\AP_3RF.axf" - 0 Error(s), 12 Warning(s).

<h2>Software Packages used:</h2>

Package Vendor: ARM
                http://www.keil.com/pack/ARM.CMSIS.5.0.1.pack
                ARM::CMSIS:CORE:5.0.1
                CMSIS (Cortex Microcontroller Software Interface Standard)
   * Component: CORE Version: 5.0.1

<h2>Collection of Component include folders:</h2>
  E:\工作\AP_3RF\AP_3RF\MDK-ARM\RTE
  C:\Keil_v5\ARM\PACK\ARM\CMSIS\5.0.1\CMSIS\Include
  C:\Keil_v5\ARM\PACK\Keil\STM32F4xx_DFP\2.11.0\Drivers\CMSIS\Device\ST\STM32F4xx\Include

<h2>Collection of Component Files used:</h2>

   * Component: ARM::CMSIS:CORE:5.0.1
Build Time Elapsed:  00:00:24
</pre>
</body>
</html>
