Component: ARM Compiler 5.06 update 3 (build 300) Tool: armlink [4d35c9]

==============================================================================

Section Cross References

    startup_stm32f429xx.o(RESET) refers to startup_stm32f429xx.o(STACK) for __initial_sp
    startup_stm32f429xx.o(RESET) refers to startup_stm32f429xx.o(.text) for Reset_Handler
    startup_stm32f429xx.o(RESET) refers to stm32f4xx_it.o(i.NMI_Handler) for NMI_Handler
    startup_stm32f429xx.o(RESET) refers to stm32f4xx_it.o(i.HardFault_Handler) for HardFault_Handler
    startup_stm32f429xx.o(RESET) refers to stm32f4xx_it.o(i.MemManage_Handler) for MemManage_Handler
    startup_stm32f429xx.o(RESET) refers to stm32f4xx_it.o(i.BusFault_Handler) for BusFault_Handler
    startup_stm32f429xx.o(RESET) refers to stm32f4xx_it.o(i.UsageFault_Handler) for UsageFault_Handler
    startup_stm32f429xx.o(RESET) refers to stm32f4xx_it.o(i.SVC_Handler) for SVC_Handler
    startup_stm32f429xx.o(RESET) refers to stm32f4xx_it.o(i.DebugMon_Handler) for DebugMon_Handler
    startup_stm32f429xx.o(RESET) refers to stm32f4xx_it.o(i.PendSV_Handler) for PendSV_Handler
    startup_stm32f429xx.o(RESET) refers to stm32f4xx_it.o(i.SysTick_Handler) for SysTick_Handler
    startup_stm32f429xx.o(RESET) refers to stm32f4xx_it.o(i.EXTI3_IRQHandler) for EXTI3_IRQHandler
    startup_stm32f429xx.o(RESET) refers to stm32f4xx_it.o(i.DMA1_Stream1_IRQHandler) for DMA1_Stream1_IRQHandler
    startup_stm32f429xx.o(RESET) refers to stm32f4xx_it.o(i.DMA1_Stream3_IRQHandler) for DMA1_Stream3_IRQHandler
    startup_stm32f429xx.o(RESET) refers to stm32f4xx_it.o(i.DMA1_Stream5_IRQHandler) for DMA1_Stream5_IRQHandler
    startup_stm32f429xx.o(RESET) refers to stm32f4xx_it.o(i.DMA1_Stream6_IRQHandler) for DMA1_Stream6_IRQHandler
    startup_stm32f429xx.o(RESET) refers to stm32f4xx_it.o(i.EXTI9_5_IRQHandler) for EXTI9_5_IRQHandler
    startup_stm32f429xx.o(RESET) refers to stm32f4xx_it.o(i.TIM1_UP_TIM10_IRQHandler) for TIM1_UP_TIM10_IRQHandler
    startup_stm32f429xx.o(RESET) refers to stm32f4xx_it.o(i.USART2_IRQHandler) for USART2_IRQHandler
    startup_stm32f429xx.o(RESET) refers to stm32f4xx_it.o(i.USART3_IRQHandler) for USART3_IRQHandler
    startup_stm32f429xx.o(RESET) refers to stm32f4xx_it.o(i.DMA2_Stream1_IRQHandler) for DMA2_Stream1_IRQHandler
    startup_stm32f429xx.o(RESET) refers to stm32f4xx_it.o(i.DMA2_Stream6_IRQHandler) for DMA2_Stream6_IRQHandler
    startup_stm32f429xx.o(RESET) refers to stm32f4xx_it.o(i.USART6_IRQHandler) for USART6_IRQHandler
    startup_stm32f429xx.o(.text) refers to system_stm32f4xx.o(i.SystemInit) for SystemInit
    startup_stm32f429xx.o(.text) refers to entry.o(.ARM.Collect$$$$00000000) for __main
    rf.o(i.RF1_Send_packet) refers to sx1276-lora.o(i.SX1276LoRaSetOpMode) for SX1276LoRaSetOpMode
    rf.o(i.RF1_Send_packet) refers to rf_hal.o(i.SX1276Write) for SX1276Write
    rf.o(i.RF1_Send_packet) refers to rf_hal.o(i.SX1276WriteFifo) for SX1276WriteFifo
    rf.o(i.RF1_Send_packet) refers to rf_hal.o(i.SX1276WriteBuffer) for SX1276WriteBuffer
    rf.o(i.RF1_Send_packet) refers to rf_hal.o(.bss) for sx1276_hw_operations_1
    rf.o(i.RF1_Send_packet) refers to rf_hal.o(.data) for p_sx1276_hw_operations
    rf.o(i.RF1_Send_packet) refers to sx1276.o(.bss) for SX1276Regs_1
    rf.o(i.RF1_Send_packet) refers to sx1276-lora.o(.data) for SX1276LR
    rf.o(i.RF1_Send_packet) refers to sx1276-fsk.o(.data) for SX1276
    rf.o(i.RF1_Send_packet_step1) refers to sx1276-lora.o(i.SX1276LoRaSetOpMode) for SX1276LoRaSetOpMode
    rf.o(i.RF1_Send_packet_step1) refers to rf_hal.o(i.SX1276Write) for SX1276Write
    rf.o(i.RF1_Send_packet_step1) refers to rf_hal.o(i.SX1276WriteFifo) for SX1276WriteFifo
    rf.o(i.RF1_Send_packet_step1) refers to rf_hal.o(i.SX1276WriteBuffer) for SX1276WriteBuffer
    rf.o(i.RF1_Send_packet_step1) refers to rf_hal.o(.bss) for sx1276_hw_operations_1
    rf.o(i.RF1_Send_packet_step1) refers to rf_hal.o(.data) for p_sx1276_hw_operations
    rf.o(i.RF1_Send_packet_step1) refers to sx1276.o(.bss) for SX1276Regs_1
    rf.o(i.RF1_Send_packet_step1) refers to sx1276-lora.o(.data) for SX1276LR
    rf.o(i.RF1_Send_packet_step1) refers to sx1276-fsk.o(.data) for SX1276
    rf.o(i.RF1_Send_packet_step2) refers to sx1276-lora.o(i.SX1276LoRaSetOpMode) for SX1276LoRaSetOpMode
    rf.o(i.RF1_Send_packet_step2) refers to rf_hal.o(.bss) for sx1276_hw_operations_1
    rf.o(i.RF1_Send_packet_step2) refers to rf_hal.o(.data) for p_sx1276_hw_operations
    rf.o(i.RF1_Send_packet_step2) refers to sx1276.o(.bss) for SX1276Regs_1
    rf.o(i.RF1_Send_packet_step2) refers to sx1276-lora.o(.data) for SX1276LR
    rf.o(i.RF1_Send_packet_step2) refers to sx1276-fsk.o(.data) for SX1276
    rf.o(i.RF1_irq_hand_io0) refers to rf_hal.o(i.SX1276Read) for SX1276Read
    rf.o(i.RF1_irq_hand_io0) refers to stm32f4xx_hal_gpio.o(i.HAL_GPIO_WritePin) for HAL_GPIO_WritePin
    rf.o(i.RF1_irq_hand_io0) refers to rf_hal.o(i.SX1276Write) for SX1276Write
[...]
    i.test_1000_packet_mode                  0x080070cc   Section        0  debug_uart.o(i.test_1000_packet_mode)
    i.test_1000packet_send                   0x08007294   Section        0  rf.o(i.test_1000packet_send)
    i.test_1000packet_send_                  0x08007470   Section        0  debug_uart.o(i.test_1000packet_send_)
    test_1000packet_send_                    0x08007471   Thumb Code    78  debug_uart.o(i.test_1000packet_send_)
    i.uart_from_debug_idle_callback          0x080074ec   Section        0  debug_uart.o(i.uart_from_debug_idle_callback)
    i.watch_dog_feed                         0x0800753c   Section        0  main.o(i.watch_dog_feed)
    i.write_ap_param_flash                   0x0800754c   Section        0  flash.o(i.write_ap_param_flash)
    .constdata                               0x080076a4   Section      420  rf.o(.constdata)
    crc_table                                0x08007748   Data         256  rf.o(.constdata)
    .constdata                               0x08007848   Section      444  sx1276-lora.o(.constdata)
    .constdata                               0x08007a04   Section        8  stm32f4xx_hal_dma.o(.constdata)
    flagBitshiftOffset                       0x08007a04   Data           8  stm32f4xx_hal_dma.o(.constdata)
    .constdata                               0x08007a0c   Section       16  system_stm32f4xx.o(.constdata)
    .constdata                               0x08007a1c   Section        8  system_stm32f4xx.o(.constdata)
    .constdata                               0x08007a28   Section      136  pow.o(.constdata)
    bp                                       0x08007a28   Data          16  pow.o(.constdata)
    dp_h                                     0x08007a38   Data          16  pow.o(.constdata)
    dp_l                                     0x08007a48   Data          16  pow.o(.constdata)
    L                                        0x08007a58   Data          48  pow.o(.constdata)
    P                                        0x08007a88   Data          40  pow.o(.constdata)
    .constdata                               0x08007ab0   Section        8  qnan.o(.constdata)
    .conststring                             0x08007ab8   Section      621  rf.o(.conststring)
    .conststring                             0x08007d28   Section      622  debug_uart.o(.conststring)
    .data                                    0x20000000   Section       76  rf.o(.data)
    send_timeout                             0x20000024   Data           4  rf.o(.data)
    .data                                    0x2000004c   Section        4  rf_hal.o(.data)
    .data                                    0x20000050   Section        8  ap_s.o(.data)
    .data                                    0x20000058   Section        2  sx1276.o(.data)
    LoRaOn                                   0x20000058   Data           1  sx1276.o(.data)
    LoRaOnState                              0x20000059   Data           1  sx1276.o(.data)
    .data                                    0x20000060   Section       60  sx1276-lora.o(.data)
    RFLRState                                0x20000060   Data           1  sx1276-lora.o(.data)
    RxGain                                   0x20000061   Data           1  sx1276-lora.o(.data)
    antennaSwitchTxOnPrev                    0x20000062   Data           1  sx1276-lora.o(.data)
    RxPacketSnrEstimate                      0x20000063   Data           1  sx1276-lora.o(.data)
    RxPacketSize                             0x20000064   Data           2  sx1276-lora.o(.data)
    TxPacketSize                             0x20000066   Data           2  sx1276-lora.o(.data)
    RxTimeoutTimer                           0x20000068   Data           4  sx1276-lora.o(.data)
    PacketTimeout                            0x20000070   Data           4  sx1276-lora.o(.data)
    .data                                    0x200000a0   Section       84  sx1276-fsk.o(.data)
    DataChunkSize                            0x200000a0   Data           1  sx1276-fsk.o(.data)
    RFState                                  0x200000a1   Data           1  sx1276-fsk.o(.data)
    PreambleDetected                         0x200000a2   Data           1  sx1276-fsk.o(.data)
    SyncWordDetected                         0x200000a3   Data           1  sx1276-fsk.o(.data)
    PacketDetected                           0x200000a4   Data           1  sx1276-fsk.o(.data)
    RxBytesRead                              0x200000a5   Data           1  sx1276-fsk.o(.data)
    TxBytesSent                              0x200000a6   Data           1  sx1276-fsk.o(.data)
    RxGain                                   0x200000a7   Data           1  sx1276-fsk.o(.data)
    opModePrev                               0x200000a8   Data           1  sx1276-fsk.o(.data)
    antennaSwitchTxOnPrev                    0x200000a9   Data           1  sx1276-fsk.o(.data)
    RxPacketSize                             0x200000aa   Data           2  sx1276-fsk.o(.data)
    TxPacketSize                             0x200000ac   Data           2  sx1276-fsk.o(.data)
    RxTimeoutTimer                           0x200000b0   Data           4  sx1276-fsk.o(.data)
    Preamble2SyncTimer                       0x200000b4   Data           4  sx1276-fsk.o(.data)
    TxTimeoutTimer                           0x200000b8   Data           4  sx1276-fsk.o(.data)
    PacketTimeout                            0x200000c0   Data           4  sx1276-fsk.o(.data)
    Preamble2SyncTimeout                     0x200000c4   Data           4  sx1276-fsk.o(.data)
    RxPacketAfcValue                         0x200000c8   Data           4  sx1276-fsk.o(.data)
    RxPacketRssiValue                        0x200000d0   Data           8  sx1276-fsk.o(.data)
    .data                                    0x200000f4   Section        4  stm32f4xx_hal.o(.data)
    .data                                    0x200000f8   Section        4  system_stm32f4xx.o(.data)
    .data                                    0x200000fc   Section       12  main.o(.data)
    .data                                    0x20000108   Section      232  debug_uart.o(.data)
    .data                                    0x200001f0   Section        1  flash.o(.data)
    .data                                    0x200001f4   Section        4  errno.o(.data)
    _errno                                   0x200001f4   Data           4  errno.o(.data)
    .bss                                     0x200001f8   Section      348  rf.o(.bss)
    .bss                                     0x20000354   Section      235  rf_hal.o(.bss)
    .bss                                     0x2000043f   Section       33  ap_s.o(.bss)
    .bss                                     0x20000460   Section      112  sx1276.o(.bss)
    .bss                                     0x200004d0   Section      112  sx1276.o(.bss)
    .bss                                     0x20000540   Section      112  sx1276.o(.bss)
    .bss                                     0x200005b0   Section       32  stm32f4xx_hal_flash.o(.bss)
    .bss                                     0x200005d0   Section      456  main.o(.bss)
    .bss                                     0x20000798   Section       96  main.o(.bss)
    .bss                                     0x200007f8   Section       96  main.o(.bss)
    .bss                                     0x20000858   Section       96  main.o(.bss)
    .bss                                     0x200008b8   Section       96  main.o(.bss)
    .bss                                     0x20000918   Section       96  main.o(.bss)
    .bss                                     0x20000978   Section       96  main.o(.bss)
    .bss                                     0x200009d8   Section       60  stm32f4xx_hal_timebase_tim.o(.bss)
    .bss                                     0x20000a14   Section     3015  debug_uart.o(.bss)
    .bss                                     0x200015db   Section      282  flash.o(.bss)
    STACK                                    0x200016f8   Section     2048  startup_stm32f429xx.o(STACK)

    Global Symbols

    Symbol Name                              Value     Ov Type        Size  Object(Section)

    BuildAttributes$$THM_ISAv4$E$P$D$K$B$S$7EM$VFPi3$EXTD16$VFPS$VFMA$PE$A:L22UL41UL21$X:L11$S22US41US21$IEEE1$IW$USESV6$~STKCKD$USESV7$~SHL$OTIME$ROPI$IEEEX$EBA8$MICROLIB$REQ8$PRES8$EABIv2 0x00000000   Number         0  anon$$obj.o ABSOLUTE
    __ARM_use_no_argv                        0x00000000   Number         0  main.o ABSOLUTE
    _printf_a                                0x00000000   Number         0  stubs.o ABSOLUTE
    _printf_c                                0x00000000   Number         0  stubs.o ABSOLUTE
    _printf_charcount                        0x00000000   Number         0  stubs.o ABSOLUTE
    _printf_d                                0x00000000   Number         0  stubs.o ABSOLUTE
    _printf_e                                0x00000000   Number         0  stubs.o ABSOLUTE
    _printf_f                                0x00000000   Number         0  stubs.o ABSOLUTE
    _printf_flags                            0x00000000   Number         0  stubs.o ABSOLUTE
    _printf_fp_dec                           0x00000000   Number         0  stubs.o ABSOLUTE
    _printf_fp_hex                           0x00000000   Number         0  stubs.o ABSOLUTE
    _printf_g                                0x00000000   Number         0  stubs.o ABSOLUTE
    _printf_i                                0x00000000   Number         0  stubs.o ABSOLUTE
    _printf_int_dec                          0x00000000   Number         0  stubs.o ABSOLUTE
    _printf_l                                0x00000000   Number         0  stubs.o ABSOLUTE
    _printf_lc                               0x00000000   Number         0  stubs.o ABSOLUTE
    _printf_ll                               0x00000000   Number         0  stubs.o ABSOLUTE
    _printf_lld                              0x00000000   Number         0  stubs.o ABSOLUTE
    _printf_lli                              0x00000000   Number         0  stubs.o ABSOLUTE
    _printf_llo                              0x00000000   Number         0  stubs.o ABSOLUTE
    _printf_llu                              0x00000000   Number         0  stubs.o ABSOLUTE
    _printf_llx                              0x00000000   Number         0  stubs.o ABSOLUTE
    _printf_longlong_dec                     0x00000000   Number         0  stubs.o ABSOLUTE
    _printf_longlong_hex                     0x00000000   Number         0  stubs.o ABSOLUTE
    _printf_longlong_oct                     0x00000000   Number         0  stubs.o ABSOLUTE
    _printf_ls                               0x00000000   Number         0  stubs.o ABSOLUTE
    _printf_mbtowc                           0x00000000   Number         0  stubs.o ABSOLUTE
    _printf_n                                0x00000000   Number         0  stubs.o ABSOLUTE
    _printf_o                                0x00000000   Number         0  stubs.o ABSOLUTE
    _printf_p                                0x00000000   Number         0  stubs.o ABSOLUTE
    _printf_percent                          0x00000000   Number         0  stubs.o ABSOLUTE
    _printf_pre_padding                      0x00000000   Number         0  stubs.o ABSOLUTE
    _printf_return_value                     0x00000000   Number         0  stubs.o ABSOLUTE
    _printf_s                                0x00000000   Number         0  stubs.o ABSOLUTE
    _printf_sizespec                         0x00000000   Number         0  stubs.o ABSOLUTE
    _printf_str                              0x00000000   Number         0  stubs.o ABSOLUTE
    _printf_truncate_signed                  0x00000000   Number         0  stubs.o ABSOLUTE
    _printf_truncate_unsigned                0x00000000   Number         0  stubs.o ABSOLUTE
    _printf_u                                0x00000000   Number         0  stubs.o ABSOLUTE
    _printf_wc                               0x00000000   Number         0  stubs.o ABSOLUTE
    _printf_wctomb                           0x00000000   Number         0  stubs.o ABSOLUTE
    _printf_widthprec                        0x00000000   Number         0  stubs.o ABSOLUTE
    _printf_x                                0x00000000   Number         0  stubs.o ABSOLUTE
    __cpp_initialize__aeabi_                  - Undefined Weak Reference
    __cxa_finalize                            - Undefined Weak Reference
    _clock_init                               - Undefined Weak Reference
    _microlib_exit                            - Undefined Weak Reference
    __Vectors_Size                           0x000001ac   Number         0  startup_stm32f429xx.o ABSOLUTE
    __Vectors                                0x08000000   Data           4  startup_stm32f429xx.o(RESET)
    __Vectors_End                            0x080001ac   Data           0  startup_stm32f429xx.o(RESET)
    __main                                   0x080001ad   Thumb Code     0  entry.o(.ARM.Collect$$$$00000000)
    _main_stk                                0x080001ad   Thumb Code     0  entry2.o(.ARM.Collect$$$$00000001)
    _main_scatterload                        0x080001b1   Thumb Code     0  entry5.o(.ARM.Collect$$$$00000004)
    __main_after_scatterload                 0x080001b5   Thumb Code     0  entry5.o(.ARM.Collect$$$$00000004)
    _main_clock                              0x080001b5   Thumb Code     0  entry7b.o(.ARM.Collect$$$$00000008)
    _main_cpp_init                           0x080001b5   Thumb Code     0  entry8b.o(.ARM.Collect$$$$0000000A)
    _main_init                               0x080001b5   Thumb Code     0  entry9a.o(.ARM.Collect$$$$0000000B)
    __rt_final_cpp                           0x080001bd   Thumb Code     0  entry10a.o(.ARM.Collect$$$$0000000D)
    __rt_final_exit                          0x080001bd   Thumb Code     0  entry11a.o(.ARM.Collect$$$$0000000F)
    Reset_Handler                            0x080001c1   Thumb Code     8  startup_stm32f429xx.o(.text)
    ADC_IRQHandler                           0x080001db   Thumb Code     0  startup_stm32f429xx.o(.text)
    CAN1_RX0_IRQHandler                      0x080001db   Thumb Code     0  startup_stm32f429xx.o(.text)
    CAN1_RX1_IRQHandler                      0x080001db   Thumb Code     0  startup_stm32f429xx.o(.text)
    CAN1_SCE_IRQHandler                      0x080001db   Thumb Code     0  startup_stm32f429xx.o(.text)
    CAN1_TX_IRQHandler                       0x080001db   Thumb Code     0  startup_stm32f429xx.o(.text)
    CAN2_RX0_IRQHandler                      0x080001db   Thumb Code     0  startup_stm32f429xx.o(.text)
    CAN2_RX1_IRQHandler                      0x080001db   Thumb Code     0  startup_stm32f429xx.o(.text)
    CAN2_SCE_IRQHandler                      0x080001db   Thumb Code     0  startup_stm32f429xx.o(.text)
    CAN2_TX_IRQHandler                       0x080001db   Thumb Code     0  startup_stm32f429xx.o(.text)
    DCMI_IRQHandler                          0x080001db   Thumb Code     0  startup_stm32f429xx.o(.text)
    DMA1_Stream0_IRQHandler                  0x080001db   Thumb Code     0  startup_stm32f429xx.o(.text)
    DMA1_Stream2_IRQHandler                  0x080001db   Thumb Code     0  startup_stm32f429xx.o(.text)
    DMA1_Stream4_IRQHandler                  0x080001db   Thumb Code     0  startup_stm32f429xx.o(.text)
    DMA1_Stream7_IRQHandler                  0x080001db   Thumb Code     0  startup_stm32f429xx.o(.text)
    DMA2D_IRQHandler                         0x080001db   Thumb Code     0  startup_stm32f429xx.o(.text)
    DMA2_Stream0_IRQHandler                  0x080001db   Thumb Code     0  startup_stm32f429xx.o(.text)
    DMA2_Stream2_IRQHandler                  0x080001db   Thumb Code     0  startup_stm32f429xx.o(.text)
    DMA2_Stream3_IRQHandler                  0x080001db   Thumb Code     0  startup_stm32f429xx.o(.text)
    DMA2_Stream4_IRQHandler                  0x080001db   Thumb Code     0  startup_stm32f429xx.o(.text)
    DMA2_Stream5_IRQHandler                  0x080001db   Thumb Code     0  startup_stm32f429xx.o(.text)
    DMA2_Stream7_IRQHandler                  0x080001db   Thumb Code     0  startup_stm32f429xx.o(.text)
    ETH_IRQHandler                           0x080001db   Thumb Code     0  startup_stm32f429xx.o(.text)
    ETH_WKUP_IRQHandler                      0x080001db   Thumb Code     0  startup_stm32f429xx.o(.text)
    EXTI0_IRQHandler                         0x080001db   Thumb Code     0  startup_stm32f429xx.o(.text)
    EXTI15_10_IRQHandler                     0x080001db   Thumb Code     0  startup_stm32f429xx.o(.text)
    EXTI1_IRQHandler                         0x080001db   Thumb Code     0  startup_stm32f429xx.o(.text)
    EXTI2_IRQHandler                         0x080001db   Thumb Code     0  startup_stm32f429xx.o(.text)
    EXTI4_IRQHandler                         0x080001db   Thumb Code     0  startup_stm32f429xx.o(.text)
    FLASH_IRQHandler                         0x080001db   Thumb Code     0  startup_stm32f429xx.o(.text)
    FMC_IRQHandler                           0x080001db   Thumb Code     0  startup_stm32f429xx.o(.text)
    FPU_IRQHandler                           0x080001db   Thumb Code     0  startup_stm32f429xx.o(.text)
    HASH_RNG_IRQHandler                      0x080001db   Thumb Code     0  startup_stm32f429xx.o(.text)
    I2C1_ER_IRQHandler                       0x080001db   Thumb Code     0  startup_stm32f429xx.o(.text)
    I2C1_EV_IRQHandler                       0x080001db   Thumb Code     0  startup_stm32f429xx.o(.text)
    I2C2_ER_IRQHandler                       0x080001db   Thumb Code     0  startup_stm32f429xx.o(.text)
    I2C2_EV_IRQHandler                       0x080001db   Thumb Code     0  startup_stm32f429xx.o(.text)
    I2C3_ER_IRQHandler                       0x080001db   Thumb Code     0  startup_stm32f429xx.o(.text)
    I2C3_EV_IRQHandler                       0x080001db   Thumb Code     0  startup_stm32f429xx.o(.text)
    LTDC_ER_IRQHandler                       0x080001db   Thumb Code     0  startup_stm32f429xx.o(.text)
    LTDC_IRQHandler                          0x080001db   Thumb Code     0  startup_stm32f429xx.o(.text)
    OTG_FS_IRQHandler                        0x080001db   Thumb Code     0  startup_stm32f429xx.o(.text)
    OTG_FS_WKUP_IRQHandler                   0x080001db   Thumb Code     0  startup_stm32f429xx.o(.text)
    OTG_HS_EP1_IN_IRQHandler                 0x080001db   Thumb Code     0  startup_stm32f429xx.o(.text)
    OTG_HS_EP1_OUT_IRQHandler                0x080001db   Thumb Code     0  startup_stm32f429xx.o(.text)
    OTG_HS_IRQHandler                        0x080001db   Thumb Code     0  startup_stm32f429xx.o(.text)
    OTG_HS_WKUP_IRQHandler                   0x080001db   Thumb Code     0  startup_stm32f429xx.o(.text)
    PVD_IRQHandler                           0x080001db   Thumb Code     0  startup_stm32f429xx.o(.text)
    RCC_IRQHandler                           0x080001db   Thumb Code     0  startup_stm32f429xx.o(.text)
    RTC_Alarm_IRQHandler                     0x080001db   Thumb Code     0  startup_stm32f429xx.o(.text)
    RTC_WKUP_IRQHandler                      0x080001db   Thumb Code     0  startup_stm32f429xx.o(.text)
    SAI1_IRQHandler                          0x080001db   Thumb Code     0  startup_stm32f429xx.o(.text)
    SDIO_IRQHandler                          0x080001db   Thumb Code     0  startup_stm32f429xx.o(.text)
    SPI1_IRQHandler                          0x080001db   Thumb Code     0  startup_stm32f429xx.o(.text)
    SPI2_IRQHandler                          0x080001db   Thumb Code     0  startup_stm32f429xx.o(.text)
    SPI3_IRQHandler                          0x080001db   Thumb Code     0  startup_stm32f429xx.o(.text)
    SPI4_IRQHandler                          0x080001db   Thumb Code     0  startup_stm32f429xx.o(.text)
    SPI5_IRQHandler                          0x080001db   Thumb Code     0  startup_stm32f429xx.o(.text)
    SPI6_IRQHandler                          0x080001db   Thumb Code     0  startup_stm32f429xx.o(.text)
    TAMP_STAMP_IRQHandler                    0x080001db   Thumb Code     0  startup_stm32f429xx.o(.text)
    TIM1_BRK_TIM9_IRQHandler                 0x080001db   Thumb Code     0  startup_stm32f429xx.o(.text)
    TIM1_CC_IRQHandler                       0x080001db   Thumb Code     0  startup_stm32f429xx.o(.text)
    TIM1_TRG_COM_TIM11_IRQHandler            0x080001db   Thumb Code     0  startup_stm32f429xx.o(.text)
    TIM2_IRQHandler                          0x080001db   Thumb Code     0  startup_stm32f429xx.o(.text)
    TIM3_IRQHandler                          0x080001db   Thumb Code     0  startup_stm32f429xx.o(.text)
    TIM4_IRQHandler                          0x080001db   Thumb Code     0  startup_stm32f429xx.o(.text)
    TIM5_IRQHandler                          0x080001db   Thumb Code     0  startup_stm32f429xx.o(.text)
    TIM6_DAC_IRQHandler                      0x080001db   Thumb Code     0  startup_stm32f429xx.o(.text)
    TIM7_IRQHandler                          0x080001db   Thumb Code     0  startup_stm32f429xx.o(.text)
    TIM8_BRK_TIM12_IRQHandler                0x080001db   Thumb Code     0  startup_stm32f429xx.o(.text)
    TIM8_CC_IRQHandler                       0x080001db   Thumb Code     0  startup_stm32f429xx.o(.text)
    TIM8_TRG_COM_TIM14_IRQHandler            0x080001db   Thumb Code     0  startup_stm32f429xx.o(.text)
    TIM8_UP_TIM13_IRQHandler                 0x080001db   Thumb Code     0  startup_stm32f429xx.o(.text)
    UART4_IRQHandler                         0x080001db   Thumb Code     0  startup_stm32f429xx.o(.text)
    UART5_IRQHandler                         0x080001db   Thumb Code     0  startup_stm32f429xx.o(.text)
    UART7_IRQHandler                         0x080001db   Thumb Code     0  startup_stm32f429xx.o(.text)
    UART8_IRQHandler                         0x080001db   Thumb Code     0  startup_stm32f429xx.o(.text)
    USART1_IRQHandler                        0x080001db   Thumb Code     0  startup_stm32f429xx.o(.text)
    WWDG_IRQHandler                          0x080001db   Thumb Code     0  startup_stm32f429xx.o(.text)
    __aeabi_memcpy                           0x080001e5   Thumb Code    36  memcpya.o(.text)
    __aeabi_memcpy4                          0x080001e5   Thumb Code     0  memcpya.o(.text)
    __aeabi_memcpy8                          0x080001e5   Thumb Code     0  memcpya.o(.text)
    __aeabi_memset                           0x08000209   Thumb Code    14  memseta.o(.text)
    __aeabi_memset4                          0x08000209   Thumb Code     0  memseta.o(.text)
    __aeabi_memset8                          0x08000209   Thumb Code     0  memseta.o(.text)
    __aeabi_memclr                           0x08000217   Thumb Code     4  memseta.o(.text)
    __aeabi_memclr4                          0x08000217   Thumb Code     0  memseta.o(.text)
    __aeabi_memclr8                          0x08000217   Thumb Code     0  memseta.o(.text)
    _memset$wrapper                          0x0800021b   Thumb Code    18  memseta.o(.text)
    strlen                                   0x0800022d   Thumb Code    14  strlen.o(.text)
    strcmp                                   0x0800023b   Thumb Code    28  strcmp.o(.text)
    __aeabi_dadd                             0x08000257   Thumb Code   322  dadd.o(.text)
    __aeabi_dsub                             0x08000399   Thumb Code     6  dadd.o(.text)
    __aeabi_drsub                            0x0800039f   Thumb Code     6  dadd.o(.text)
    __aeabi_dmul                             0x080003a5   Thumb Code   228  dmul.o(.text)
    __aeabi_ddiv                             0x08000489   Thumb Code   222  ddiv.o(.text)
    __aeabi_i2d                              0x08000567   Thumb Code    34  dflti.o(.text)
    __aeabi_ui2d                             0x08000589   Thumb Code    26  dfltui.o(.text)
    __aeabi_d2iz                             0x080005a3   Thumb Code    62  dfixi.o(.text)
    __aeabi_d2uiz                            0x080005e1   Thumb Code    50  dfixui.o(.text)
    __aeabi_uldivmod                         0x08000613   Thumb Code    98  uldiv.o(.text)
    __aeabi_llsl                             0x08000675   Thumb Code    30  llshl.o(.text)
    _ll_shift_l                              0x08000675   Thumb Code     0  llshl.o(.text)
    __aeabi_llsr                             0x08000693   Thumb Code    32  llushr.o(.text)
    _ll_ushift_r                             0x08000693   Thumb Code     0  llushr.o(.text)
    __aeabi_lasr                             0x080006b3   Thumb Code    36  llsshr.o(.text)
    _ll_sshift_r                             0x080006b3   Thumb Code     0  llsshr.o(.text)
    __I$use$fp                               0x080006d7   Thumb Code     0  iusefp.o(.text)
    _double_round                            0x080006d7   Thumb Code    30  depilogue.o(.text)
    _double_epilogue                         0x080006f5   Thumb Code   156  depilogue.o(.text)
    __ARM_scalbn                             0x08000791   Thumb Code    46  dscalb.o(.text)
    scalbn                                   0x08000791   Thumb Code     0  dscalb.o(.text)
    __aeabi_cdrcmple                         0x080007c1   Thumb Code    48  cdrcmple.o(.text)
    __scatterload                            0x080007f1   Thumb Code    28  init.o(.text)
    __scatterload_rt2                        0x080007f1   Thumb Code     0  init.o(.text)
    _dsqrt                                   0x08000815   Thumb Code   162  dsqrt.o(.text)
    __decompress                             0x080008b7   Thumb Code     0  __dczerorl2.o(.text)
    __decompress1                            0x080008b7   Thumb Code    86  __dczerorl2.o(.text)
    BusFault_Handler                         0x0800090d   Thumb Code     2  stm32f4xx_it.o(i.BusFault_Handler)
    DMA1_Stream1_IRQHandler                  0x08000911   Thumb Code     6  stm32f4xx_it.o(i.DMA1_Stream1_IRQHandler)
    DMA1_Stream3_IRQHandler                  0x0800091d   Thumb Code     6  stm32f4xx_it.o(i.DMA1_Stream3_IRQHandler)
    DMA1_Stream5_IRQHandler                  0x08000929   Thumb Code     6  stm32f4xx_it.o(i.DMA1_Stream5_IRQHandler)
    DMA1_Stream6_IRQHandler                  0x08000935   Thumb Code     6  stm32f4xx_it.o(i.DMA1_Stream6_IRQHandler)
    DMA2_Stream1_IRQHandler                  0x08000941   Thumb Code     6  stm32f4xx_it.o(i.DMA2_Stream1_IRQHandler)
    DMA2_Stream6_IRQHandler                  0x0800094d   Thumb Code     6  stm32f4xx_it.o(i.DMA2_Stream6_IRQHandler)
    DebugMon_Handler                         0x080009fd   Thumb Code     2  stm32f4xx_it.o(i.DebugMon_Handler)
    EXTI3_IRQHandler                         0x080009ff   Thumb Code     6  stm32f4xx_it.o(i.EXTI3_IRQHandler)
    EXTI9_5_IRQHandler                       0x08000a05   Thumb Code    20  stm32f4xx_it.o(i.EXTI9_5_IRQHandler)
    FLASH_Erase_Sector                       0x08000a19   Thumb Code    90  stm32f4xx_hal_flash_ex.o(i.FLASH_Erase_Sector)
    FLASH_FlushCaches                        0x08000a79   Thumb Code    80  stm32f4xx_hal_flash_ex.o(i.FLASH_FlushCaches)
    FLASH_WaitForLastOperation               0x08000c19   Thumb Code    72  stm32f4xx_hal_flash.o(i.FLASH_WaitForLastOperation)
    HAL_CRC_Calculate                        0x08000c69   Thumb Code    60  stm32f4xx_hal_crc.o(i.HAL_CRC_Calculate)
    HAL_CRC_Init                             0x08000ca5   Thumb Code    38  stm32f4xx_hal_crc.o(i.HAL_CRC_Init)
    HAL_CRC_MspInit                          0x08000ccd   Thumb Code    30  stm32f4xx_hal_msp.o(i.HAL_CRC_MspInit)
    HAL_DMA_Abort                            0x08000cf5   Thumb Code   142  stm32f4xx_hal_dma.o(i.HAL_DMA_Abort)
    HAL_DMA_Abort_IT                         0x08000d83   Thumb Code    36  stm32f4xx_hal_dma.o(i.HAL_DMA_Abort_IT)
    HAL_DMA_IRQHandler                       0x08000da9   Thumb Code   416  stm32f4xx_hal_dma.o(i.HAL_DMA_IRQHandler)
    HAL_DMA_Init                             0x08000f51   Thumb Code   206  stm32f4xx_hal_dma.o(i.HAL_DMA_Init)
    HAL_DMA_Start_IT                         0x08001025   Thumb Code   120  stm32f4xx_hal_dma.o(i.HAL_DMA_Start_IT)
    HAL_FLASHEx_Erase                        0x0800109d   Thumb Code   146  stm32f4xx_hal_flash_ex.o(i.HAL_FLASHEx_Erase)
    HAL_FLASH_Lock                           0x08001139   Thumb Code    14  stm32f4xx_hal_flash.o(i.HAL_FLASH_Lock)
    HAL_FLASH_Program                        0x0800114d   Thumb Code   116  stm32f4xx_hal_flash.o(i.HAL_FLASH_Program)
    HAL_FLASH_Unlock                         0x080011c9   Thumb Code    28  stm32f4xx_hal_flash.o(i.HAL_FLASH_Unlock)
    HAL_GPIO_EXTI_Callback                   0x080011f1   Thumb Code    34  rf_hal.o(i.HAL_GPIO_EXTI_Callback)
    HAL_GPIO_EXTI_IRQHandler                 0x08001219   Thumb Code    18  stm32f4xx_hal_gpio.o(i.HAL_GPIO_EXTI_IRQHandler)
    HAL_GPIO_Init                            0x08001231   Thumb Code   422  stm32f4xx_hal_gpio.o(i.HAL_GPIO_Init)
    HAL_GPIO_TogglePin                       0x0800140d   Thumb Code     8  stm32f4xx_hal_gpio.o(i.HAL_GPIO_TogglePin)
    HAL_GPIO_WritePin                        0x08001415   Thumb Code    10  stm32f4xx_hal_gpio.o(i.HAL_GPIO_WritePin)
    HAL_GetTick                              0x08001421   Thumb Code     6  stm32f4xx_hal.o(i.HAL_GetTick)
    HAL_IncTick                              0x0800142d   Thumb Code    10  stm32f4xx_hal.o(i.HAL_IncTick)
    HAL_Init                                 0x0800143d   Thumb Code    48  stm32f4xx_hal.o(i.HAL_Init)
    HAL_InitTick                             0x08001471   Thumb Code   100  stm32f4xx_hal_timebase_tim.o(i.HAL_InitTick)
    HAL_MspInit                              0x080014e5   Thumb Code    88  stm32f4xx_hal_msp.o(i.HAL_MspInit)
    HAL_NVIC_EnableIRQ                       0x0800153d   Thumb Code    22  stm32f4xx_hal_cortex.o(i.HAL_NVIC_EnableIRQ)
    HAL_NVIC_SetPriority                     0x08001555   Thumb Code    60  stm32f4xx_hal_cortex.o(i.HAL_NVIC_SetPriority)
    HAL_NVIC_SetPriorityGrouping             0x08001595   Thumb Code    26  stm32f4xx_hal_cortex.o(i.HAL_NVIC_SetPriorityGrouping)
    HAL_RCC_ClockConfig                      0x080015b9   Thumb Code   356  stm32f4xx_hal_rcc.o(i.HAL_RCC_ClockConfig)
    HAL_RCC_GetClockConfig                   0x0800172d   Thumb Code    54  stm32f4xx_hal_rcc.o(i.HAL_RCC_GetClockConfig)
    HAL_RCC_GetHCLKFreq                      0x0800176d   Thumb Code     6  stm32f4xx_hal_rcc.o(i.HAL_RCC_GetHCLKFreq)
    HAL_RCC_GetPCLK1Freq                     0x08001779   Thumb Code    34  stm32f4xx_hal_rcc.o(i.HAL_RCC_GetPCLK1Freq)
    HAL_RCC_GetPCLK2Freq                     0x080017a9   Thumb Code    34  stm32f4xx_hal_rcc.o(i.HAL_RCC_GetPCLK2Freq)
    HAL_RCC_GetSysClockFreq                  0x080017d9   Thumb Code   104  stm32f4xx_hal_rcc.o(i.HAL_RCC_GetSysClockFreq)
    HAL_RCC_OscConfig                        0x0800184d   Thumb Code   766  stm32f4xx_hal_rcc.o(i.HAL_RCC_OscConfig)
    HAL_SPI_Init                             0x08001b61   Thumb Code   128  stm32f4xx_hal_spi.o(i.HAL_SPI_Init)
    HAL_SPI_MspInit                          0x08001be1   Thumb Code   134  stm32f4xx_hal_msp.o(i.HAL_SPI_MspInit)
    HAL_SPI_TransmitReceive                  0x08001c85   Thumb Code   458  stm32f4xx_hal_spi.o(i.HAL_SPI_TransmitReceive)
    HAL_SYSTICK_CLKSourceConfig              0x08001e4f   Thumb Code    24  stm32f4xx_hal_cortex.o(i.HAL_SYSTICK_CLKSourceConfig)
    HAL_SYSTICK_Callback                     0x08001e69   Thumb Code    86  ap_s.o(i.HAL_SYSTICK_Callback)
    HAL_SYSTICK_Config                       0x08001ed5   Thumb Code    40  stm32f4xx_hal_cortex.o(i.HAL_SYSTICK_Config)
    HAL_SYSTICK_IRQHandler                   0x08001efd   Thumb Code     8  stm32f4xx_hal_cortex.o(i.HAL_SYSTICK_IRQHandler)
    HAL_TIMEx_BreakCallback                  0x08001f05   Thumb Code     2  stm32f4xx_hal_tim_ex.o(i.HAL_TIMEx_BreakCallback)
    HAL_TIMEx_CommutationCallback            0x08001f07   Thumb Code     2  stm32f4xx_hal_tim_ex.o(i.HAL_TIMEx_CommutationCallback)
    HAL_TIM_Base_Init                        0x08001f09   Thumb Code    54  stm32f4xx_hal_tim.o(i.HAL_TIM_Base_Init)
    HAL_TIM_Base_MspInit                     0x08001f3f   Thumb Code     2  stm32f4xx_hal_tim.o(i.HAL_TIM_Base_MspInit)
    HAL_TIM_Base_Start_IT                    0x08001f41   Thumb Code    24  stm32f4xx_hal_tim.o(i.HAL_TIM_Base_Start_IT)
    HAL_TIM_IC_CaptureCallback               0x08001f59   Thumb Code     2  stm32f4xx_hal_tim.o(i.HAL_TIM_IC_CaptureCallback)
    HAL_TIM_IRQHandler                       0x08001f5b   Thumb Code   358  stm32f4xx_hal_tim.o(i.HAL_TIM_IRQHandler)
    HAL_TIM_OC_DelayElapsedCallback          0x080020c1   Thumb Code     2  stm32f4xx_hal_tim.o(i.HAL_TIM_OC_DelayElapsedCallback)
    HAL_TIM_PWM_PulseFinishedCallback        0x080020c3   Thumb Code     2  stm32f4xx_hal_tim.o(i.HAL_TIM_PWM_PulseFinishedCallback)
    HAL_TIM_PeriodElapsedCallback            0x080020c5   Thumb Code    14  main.o(i.HAL_TIM_PeriodElapsedCallback)
    HAL_TIM_TriggerCallback                  0x080020d9   Thumb Code     2  stm32f4xx_hal_tim.o(i.HAL_TIM_TriggerCallback)
    HAL_UART_ErrorCallback                   0x080020db   Thumb Code     2  stm32f4xx_hal_uart.o(i.HAL_UART_ErrorCallback)
    HAL_UART_IRQHandler                      0x080020dd   Thumb Code   266  stm32f4xx_hal_uart.o(i.HAL_UART_IRQHandler)
    HAL_UART_Init                            0x080021ed   Thumb Code    98  stm32f4xx_hal_uart.o(i.HAL_UART_Init)
    HAL_UART_MspInit                         0x08002251   Thumb Code   598  stm32f4xx_hal_msp.o(i.HAL_UART_MspInit)
    HAL_UART_Receive_DMA                     0x080024fd   Thumb Code   138  stm32f4xx_hal_uart.o(i.HAL_UART_Receive_DMA)
    HAL_UART_RxCpltCallback                  0x08002595   Thumb Code     2  stm32f4xx_hal_uart.o(i.HAL_UART_RxCpltCallback)
    HAL_UART_RxHalfCpltCallback              0x08002597   Thumb Code     2  stm32f4xx_hal_uart.o(i.HAL_UART_RxHalfCpltCallback)
    HAL_UART_Transmit_DMA                    0x08002599   Thumb Code   116  stm32f4xx_hal_uart.o(i.HAL_UART_Transmit_DMA)
    HAL_UART_TxCpltCallback                  0x08002619   Thumb Code     2  stm32f4xx_hal_uart.o(i.HAL_UART_TxCpltCallback)
    HAL_UART_TxHalfCpltCallback              0x0800261b   Thumb Code     2  stm32f4xx_hal_uart.o(i.HAL_UART_TxHalfCpltCallback)
    HardFault_Handler                        0x0800261d   Thumb Code     2  stm32f4xx_it.o(i.HardFault_Handler)
    MemManage_Handler                        0x08002a65   Thumb Code     2  stm32f4xx_it.o(i.MemManage_Handler)
    NMI_Handler                              0x08002a67   Thumb Code     2  stm32f4xx_it.o(i.NMI_Handler)
    PendSV_Handler                           0x08002a89   Thumb Code     2  stm32f4xx_it.o(i.PendSV_Handler)
    RF1_Send_packet                          0x08002a8d   Thumb Code    70  rf.o(i.RF1_Send_packet)
    RF1_Send_packet_step1                    0x08002ae9   Thumb Code    64  rf.o(i.RF1_Send_packet_step1)
    RF1_Send_packet_step2                    0x08002b3d   Thumb Code    22  rf.o(i.RF1_Send_packet_step2)
    RF1_crxtx                                0x08002b69   Thumb Code    18  rf_hal.o(i.RF1_crxtx)
    RF1_irq_hand_io0                         0x08002b81   Thumb Code  1536  rf.o(i.RF1_irq_hand_io0)
    RF1_power                                0x080031bd   Thumb Code    20  rf_hal.o(i.RF1_power)
    RF1_reset                                0x080031d5   Thumb Code    18  rf_hal.o(i.RF1_reset)
    RF1_set_ch                               0x080031ed   Thumb Code    48  rf.o(i.RF1_set_ch)
    RF2_Send_packet                          0x08003231   Thumb Code    70  rf.o(i.RF2_Send_packet)
    RF2_Send_packet_step1                    0x0800328d   Thumb Code    64  rf.o(i.RF2_Send_packet_step1)
    RF2_Send_packet_step2                    0x080032e1   Thumb Code    22  rf.o(i.RF2_Send_packet_step2)
    RF2_crxtx                                0x0800330d   Thumb Code    20  rf_hal.o(i.RF2_crxtx)
    RF2_irq_hand_io0                         0x08003325   Thumb Code  1254  rf.o(i.RF2_irq_hand_io0)
    RF2_power                                0x08003841   Thumb Code    18  rf_hal.o(i.RF2_power)
    RF2_reset                                0x08003859   Thumb Code    20  rf_hal.o(i.RF2_reset)
    RF2_set_ch                               0x08003871   Thumb Code    48  rf.o(i.RF2_set_ch)
    RF3_Send_packet                          0x080038b5   Thumb Code    70  rf.o(i.RF3_Send_packet)
    RF3_Send_packet_step1                    0x08003911   Thumb Code    64  rf.o(i.RF3_Send_packet_step1)
    RF3_Send_packet_step2                    0x08003965   Thumb Code    22  rf.o(i.RF3_Send_packet_step2)
    RF3_crxtx                                0x08003991   Thumb Code    20  rf_hal.o(i.RF3_crxtx)
    RF3_irq_hand_io0                         0x080039a9   Thumb Code   896  rf.o(i.RF3_irq_hand_io0)
    RF3_power                                0x08003e15   Thumb Code    20  rf_hal.o(i.RF3_power)
    RF3_reset                                0x08003e2d   Thumb Code    20  rf_hal.o(i.RF3_reset)
    RF3_set_ch                               0x08003e45   Thumb Code    48  rf.o(i.RF3_set_ch)
    RF_init                                  0x08003e89   Thumb Code   134  rf.o(i.RF_init)
    SPI1_Cs                                  0x08003f3d   Thumb Code    18  rf_hal.o(i.SPI1_Cs)
    SPI1_ReadWrite                           0x08003f55   Thumb Code    22  rf_hal.o(i.SPI1_ReadWrite)
    SPI4_Cs                                  0x08003f71   Thumb Code    20  rf_hal.o(i.SPI4_Cs)
    SPI4_ReadWrite                           0x08003f89   Thumb Code    22  rf_hal.o(i.SPI4_ReadWrite)
    SPI5_Cs                                  0x08003fa5   Thumb Code    18  rf_hal.o(i.SPI5_Cs)
    SPI5_ReadWrite                           0x08003fbd   Thumb Code    22  rf_hal.o(i.SPI5_ReadWrite)
    SVC_Handler                              0x0800408f   Thumb Code     2  stm32f4xx_it.o(i.SVC_Handler)
    SX1276Init                               0x08004091   Thumb Code    24  sx1276.o(i.SX1276Init)
    SX1276InitIo                             0x080040ad   Thumb Code     4  rf_hal.o(i.SX1276InitIo)
    SX1276LoRaInit                           0x080040b1   Thumb Code   260  sx1276-lora.o(i.SX1276LoRaInit)
    SX1276LoRaSetDefaults                    0x080041c1   Thumb Code    12  sx1276-lora.o(i.SX1276LoRaSetDefaults)
    SX1276LoRaSetErrorCoding                 0x080041d1   Thumb Code    44  sx1276-loramisc.o(i.SX1276LoRaSetErrorCoding)
    SX1276LoRaSetImplicitHeaderOn            0x08004205   Thumb Code    40  sx1276-loramisc.o(i.SX1276LoRaSetImplicitHeaderOn)
    SX1276LoRaSetLowDatarateOptimize         0x08004235   Thumb Code    44  sx1276-loramisc.o(i.SX1276LoRaSetLowDatarateOptimize)
    SX1276LoRaSetNbTrigPeaks                 0x08004265   Thumb Code    40  sx1276-loramisc.o(i.SX1276LoRaSetNbTrigPeaks)
    SX1276LoRaSetOpMode                      0x08004291   Thumb Code    42  sx1276-lora.o(i.SX1276LoRaSetOpMode)
    SX1276LoRaSetPAOutput                    0x080042c1   Thumb Code    38  sx1276-loramisc.o(i.SX1276LoRaSetPAOutput)
    SX1276LoRaSetPa20dBm                     0x080042ed   Thumb Code    62  sx1276-loramisc.o(i.SX1276LoRaSetPa20dBm)
    SX1276LoRaSetPacketCrcOn                 0x08004331   Thumb Code    44  sx1276-loramisc.o(i.SX1276LoRaSetPacketCrcOn)
    SX1276LoRaSetPayloadLength               0x08004365   Thumb Code    26  sx1276-loramisc.o(i.SX1276LoRaSetPayloadLength)
    SX1276LoRaSetRFFrequency                 0x08004389   Thumb Code    54  sx1276-loramisc.o(i.SX1276LoRaSetRFFrequency)
    SX1276LoRaSetRFPower                     0x080043d1   Thumb Code   146  sx1276-loramisc.o(i.SX1276LoRaSetRFPower)
    SX1276LoRaSetSignalBandwidth             0x0800446d   Thumb Code    40  sx1276-loramisc.o(i.SX1276LoRaSetSignalBandwidth)
    SX1276LoRaSetSpreadingFactor             0x0800449d   Thumb Code    74  sx1276-loramisc.o(i.SX1276LoRaSetSpreadingFactor)
    SX1276LoRaSetSymbTimeout                 0x080044f1   Thumb Code    52  sx1276-loramisc.o(i.SX1276LoRaSetSymbTimeout)
    SX1276LoRaStartRxPkt                     0x08004529   Thumb Code    50  sx1276-lora.o(i.SX1276LoRaStartRxPkt)
    SX1276Power                              0x08004561   Thumb Code    14  rf_hal.o(i.SX1276Power)
    SX1276Read                               0x08004575   Thumb Code    52  rf_hal.o(i.SX1276Read)
    SX1276ReadBuffer                         0x080045ad   Thumb Code    58  rf_hal.o(i.SX1276ReadBuffer)
    SX1276ReadFifo                           0x080045f1   Thumb Code    10  rf_hal.o(i.SX1276ReadFifo)
    SX1276Reset                              0x080045fd   Thumb Code    28  sx1276.o(i.SX1276Reset)
    SX1276SetLoRaOn                          0x0800461d   Thumb Code   112  sx1276.o(i.SX1276SetLoRaOn)
    SX1276SetReset                           0x08004695   Thumb Code    18  rf_hal.o(i.SX1276SetReset)
    SX1276Write                              0x080046ad   Thumb Code    46  rf_hal.o(i.SX1276Write)
    SX1276WriteBuffer                        0x080046e5   Thumb Code    60  rf_hal.o(i.SX1276WriteBuffer)
    SX1276WriteFifo                          0x08004729   Thumb Code    10  rf_hal.o(i.SX1276WriteFifo)
    SX1276WriteRxTx                          0x08004735   Thumb Code    16  rf_hal.o(i.SX1276WriteRxTx)
    SysTick_Handler                          0x08004749   Thumb Code     4  stm32f4xx_it.o(i.SysTick_Handler)
    SystemClock_Config                       0x0800474d   Thumb Code   154  main.o(i.SystemClock_Config)
    SystemInit                               0x080047f1   Thumb Code    66  system_stm32f4xx.o(i.SystemInit)
    TIM1_UP_TIM10_IRQHandler                 0x08004845   Thumb Code     6  stm32f4xx_it.o(i.TIM1_UP_TIM10_IRQHandler)
    TIM_Base_SetConfig                       0x08004851   Thumb Code   148  stm32f4xx_hal_tim.o(i.TIM_Base_SetConfig)
    USART2_IRQHandler                        0x08004db5   Thumb Code     6  stm32f4xx_it.o(i.USART2_IRQHandler)
    USART3_IRQHandler                        0x08004dc1   Thumb Code     6  stm32f4xx_it.o(i.USART3_IRQHandler)
    USART6_IRQHandler                        0x08004dcd   Thumb Code    34  stm32f4xx_it.o(i.USART6_IRQHandler)
    UsageFault_Handler                       0x08004df5   Thumb Code     2  stm32f4xx_it.o(i.UsageFault_Handler)
    _Error_Handler                           0x08004df7   Thumb Code     2  main.o(i._Error_Handler)
    __0sprintf$8                             0x08004df9   Thumb Code    34  printf8.o(i.__0sprintf$8)
    __1sprintf$8                             0x08004df9   Thumb Code     0  printf8.o(i.__0sprintf$8)
    __2sprintf                               0x08004df9   Thumb Code     0  printf8.o(i.__0sprintf$8)
    __ARM_fpclassify                         0x08004e21   Thumb Code    48  fpclassify.o(i.__ARM_fpclassify)
    __hardfp_pow                             0x08004e51   Thumb Code  3072  pow.o(i.__hardfp_pow)
    __kernel_poly                            0x08005aa1   Thumb Code   248  poly.o(i.__kernel_poly)
    __mathlib_dbl_divzero                    0x08005b99   Thumb Code    28  dunder.o(i.__mathlib_dbl_divzero)
    __mathlib_dbl_infnan2                    0x08005bc9   Thumb Code    20  dunder.o(i.__mathlib_dbl_infnan2)
    __mathlib_dbl_invalid                    0x08005be1   Thumb Code    24  dunder.o(i.__mathlib_dbl_invalid)
    __mathlib_dbl_overflow                   0x08005c01   Thumb Code    24  dunder.o(i.__mathlib_dbl_overflow)
    __mathlib_dbl_underflow                  0x08005c21   Thumb Code    24  dunder.o(i.__mathlib_dbl_underflow)
    __scatterload_copy                       0x08005c41   Thumb Code    14  handlers.o(i.__scatterload_copy)
    __scatterload_null                       0x08005c4f   Thumb Code     2  handlers.o(i.__scatterload_null)
    __scatterload_zeroinit                   0x08005c51   Thumb Code    14  handlers.o(i.__scatterload_zeroinit)
    __set_errno                              0x08005c61   Thumb Code     6  errno.o(i.__set_errno)
    cal_crc_table                            0x080060d9   Thumb Code    26  rf.o(i.cal_crc_table)
    copy_string_to_double_buff               0x080060f9   Thumb Code    76  debug_uart.o(i.copy_string_to_double_buff)
    crc_add                                  0x0800614d   Thumb Code    20  rf.o(i.crc_add)
    crc_add_judge                            0x08006161   Thumb Code    30  rf.o(i.crc_add_judge)
    debug_cmd_handle                         0x08006181   Thumb Code    28  debug_uart.o(i.debug_cmd_handle)
    debug_rf_send_syn_ok                     0x080061a5   Thumb Code   106  rf.o(i.debug_rf_send_syn_ok)
    debug_send_double_buff_poll              0x08006291   Thumb Code   102  debug_uart.o(i.debug_send_double_buff_poll)
    debug_uart_send_string                   0x08006301   Thumb Code    42  debug_uart.o(i.debug_uart_send_string)
    fabs                                     0x08006331   Thumb Code    24  fabs.o(i.fabs)
    get_ap_param                             0x08006349   Thumb Code    94  debug_uart.o(i.get_ap_param)
    get_cmd                                  0x080063b9   Thumb Code    50  debug_uart.o(i.get_cmd)
    get_q_string                             0x080063f5   Thumb Code   108  debug_uart.o(i.get_q_string)
    get_str_param                            0x08006465   Thumb Code    86  debug_uart.o(i.get_str_param)
    help                                     0x080064c1   Thumb Code     6  debug_uart.o(i.help)
    hw_init                                  0x080064cd   Thumb Code    92  rf_hal.o(i.hw_init)
    init_ap_param                            0x08006581   Thumb Code    58  flash.o(i.init_ap_param)
    io1_read                                 0x080065cd   Thumb Code    62  rf_hal.o(i.io1_read)
    io2_read                                 0x08006615   Thumb Code    68  rf_hal.o(i.io2_read)
    io3_read                                 0x0800665d   Thumb Code    72  rf_hal.o(i.io3_read)
    main                                     0x080066b1   Thumb Code   234  main.o(i.main)
    oncmd_rf_set_ch                          0x080067c1   Thumb Code   144  debug_uart.o(i.oncmd_rf_set_ch)
    power_on_auto_send_test                  0x08006889   Thumb Code   180  debug_uart.o(i.power_on_auto_send_test)
    read_ap_param_flash                      0x08006979   Thumb Code   356  flash.o(i.read_ap_param_flash)
    send_ack                                 0x08006af5   Thumb Code   220  ap_s.o(i.send_ack)
    send_sensor_rftest_packet                0x08006c71   Thumb Code   140  ap_s.o(i.send_sensor_rftest_packet)
    send_syn                                 0x08006d09   Thumb Code   200  ap_s.o(i.send_syn)
    setRFPower                               0x08006ddd   Thumb Code    86  debug_uart.o(i.setRFPower)
    set_test1000p_sf_bw_freq                 0x08006e75   Thumb Code   218  debug_uart.o(i.set_test1000p_sf_bw_freq)
    slot                                     0x08006fa9   Thumb Code    16  ap_s.o(i.slot)
    sqrt                                     0x08006fbd   Thumb Code   110  sqrt.o(i.sqrt)
    start_from_debug_dma_receive             0x0800702d   Thumb Code    24  debug_uart.o(i.start_from_debug_dma_receive)
    str_to_int                               0x0800704d   Thumb Code   118  debug_uart.o(i.str_to_int)
    test_1000_packet_mode                    0x080070cd   Thumb Code   224  debug_uart.o(i.test_1000_packet_mode)
    test_1000packet_send                     0x08007295   Thumb Code   420  rf.o(i.test_1000packet_send)
    uart_from_debug_idle_callback            0x080074ed   Thumb Code    64  debug_uart.o(i.uart_from_debug_idle_callback)
    watch_dog_feed                           0x0800753d   Thumb Code    10  main.o(i.watch_dog_feed)
    write_ap_param_flash                     0x0800754d   Thumb Code   314  flash.o(i.write_ap_param_flash)
    rf_channel_table                         0x080076a4   Data         164  rf.o(.constdata)
    SignalBwLog                              0x08007848   Data          80  sx1276-lora.o(.constdata)
    RssiOffsetLF                             0x08007898   Data          80  sx1276-lora.o(.constdata)
    RssiOffsetHF                             0x080078e8   Data          80  sx1276-lora.o(.constdata)
    HoppingFrequencies                       0x08007938   Data         204  sx1276-lora.o(.constdata)
    AHBPrescTable                            0x08007a0c   Data          16  system_stm32f4xx.o(.constdata)
    APBPrescTable                            0x08007a1c   Data           8  system_stm32f4xx.o(.constdata)
    __mathlib_zero                           0x08007ab0   Data           8  qnan.o(.constdata)
    Region$$Table$$Base                      0x08007f98   Number         0  anon$$obj.o(Region$$Table)
    Region$$Table$$Limit                     0x08007fb8   Number         0  anon$$obj.o(Region$$Table)
    RxPacketRssiValue_1                      0x20000000   Data           1  rf.o(.data)
    RxPacketRssiValue_2                      0x20000001   Data           1  rf.o(.data)
    RxPacketRssiValue_3                      0x20000002   Data           1  rf.o(.data)
    test_sensor_rev_count_start              0x20000004   Data           2  rf.o(.data)
    rf1_test_send_1000packet                 0x20000008   Data           4  rf.o(.data)
    rf2_test_send_1000packet                 0x2000000c   Data           4  rf.o(.data)
    rf3_test_send_1000packet                 0x20000010   Data           4  rf.o(.data)
    rf1_test_mode                            0x20000014   Data           4  rf.o(.data)
    rf2_test_mode                            0x20000018   Data           4  rf.o(.data)
    rf3_test_mode                            0x2000001c   Data           4  rf.o(.data)
    test1000p_rssi                           0x20000020   Data           4  rf.o(.data)
    test_delay_time                          0x20000028   Data           4  rf.o(.data)
    time_slot                                0x2000002c   Data           4  rf.o(.data)
    rf1_rev_ap_syn_slot                      0x20000030   Data           4  rf.o(.data)
    rf2_rev_ap_syn_slot                      0x20000034   Data           4  rf.o(.data)
    rf3_rev_ap_syn_slot                      0x20000038   Data           4  rf.o(.data)
    rev_test_count                           0x2000003c   Data           4  rf.o(.data)
    rev_rssi                                 0x20000040   Data           4  rf.o(.data)
    rev_test_count2                          0x20000044   Data           4  rf.o(.data)
    rev_rssi2                                0x20000048   Data           4  rf.o(.data)
    p_sx1276_hw_operations                   0x2000004c   Data           4  rf_hal.o(.data)
    slot_count                               0x20000050   Data           4  ap_s.o(.data)
    rf1_sending                              0x20000054   Data           4  ap_s.o(.data)
    SX1276LR                                 0x2000006c   Data           4  sx1276-lora.o(.data)
    error                                    0x20000074   Data           4  sx1276-lora.o(.data)
    RxPacketRssiValue                        0x20000078   Data           8  sx1276-lora.o(.data)
    LoRaSettings                             0x20000080   Data          28  sx1276-lora.o(.data)
    SX1276                                   0x200000bc   Data           4  sx1276-fsk.o(.data)
    FskSettings                              0x200000d8   Data          28  sx1276-fsk.o(.data)
    uwTick                                   0x200000f4   Data           4  stm32f4xx_hal.o(.data)
    SystemCoreClock                          0x200000f8   Data           4  system_stm32f4xx.o(.data)
    enable_send_sensor_rftest                0x200000fc   Data           4  main.o(.data)
    hcrc                                     0x20000100   Data           8  main.o(.data)
    test_1000p_timedelay                     0x20000108   Data           4  debug_uart.o(.data)
    test_1000p_send_flag                     0x2000010c   Data           4  debug_uart.o(.data)
    test_packet_count                        0x20000110   Data           4  debug_uart.o(.data)
    rf_test_1000p_time_delay                 0x20000114   Data         140  debug_uart.o(.data)
    cmd_list                                 0x200001a0   Data          80  debug_uart.o(.data)
    ap_param_write_flash_flag                0x200001f0   Data           1  flash.o(.data)
    rf1_rx_buff                              0x200001f8   Data          64  rf.o(.bss)
    rf2_rx_buff                              0x20000238   Data          64  rf.o(.bss)
    rf3_rx_buff                              0x20000278   Data          64  rf.o(.bss)
    rf1_test_buff                            0x200002b8   Data          11  rf.o(.bss)
    rf2_test_buff                            0x200002c3   Data          11  rf.o(.bss)
    rf3_test_buff                            0x200002ce   Data          11  rf.o(.bss)
    test_1000p_recode                        0x200002dc   Data          24  rf.o(.bss)
    rf1_syn_send_ok                          0x200002f4   Data          16  rf.o(.bss)
    rf2_syn_send_ok                          0x20000304   Data          16  rf.o(.bss)
    rf3_syn_send_ok                          0x20000314   Data          16  rf.o(.bss)
    rf1_rev_ok                               0x20000324   Data          16  rf.o(.bss)
    rf2_rev_ok                               0x20000334   Data          16  rf.o(.bss)
    rf3_rev_ok                               0x20000344   Data          16  rf.o(.bss)
    sx1276_hw_operations_1                   0x20000354   Data          36  rf_hal.o(.bss)
    sx1276_hw_operations_2                   0x20000378   Data          36  rf_hal.o(.bss)
    sx1276_hw_operations_3                   0x2000039c   Data          36  rf_hal.o(.bss)
    spi_buff_no_use                          0x200003c0   Data         127  rf_hal.o(.bss)
    syn_packet                               0x2000043f   Data          11  ap_s.o(.bss)
    ack_packet                               0x2000044a   Data          11  ap_s.o(.bss)
    sensor_rftest_packet                     0x20000455   Data          11  ap_s.o(.bss)
    SX1276Regs_1                             0x20000460   Data         112  sx1276.o(.bss)
    SX1276Regs_2                             0x200004d0   Data         112  sx1276.o(.bss)
    SX1276Regs_3                             0x20000540   Data         112  sx1276.o(.bss)
    pFlash                                   0x200005b0   Data          32  stm32f4xx_hal_flash.o(.bss)
    hspi1                                    0x200005d0   Data          88  main.o(.bss)
    hspi4                                    0x20000628   Data          88  main.o(.bss)
    hspi5                                    0x20000680   Data          88  main.o(.bss)
    huart2                                   0x200006d8   Data          64  main.o(.bss)
    huart3                                   0x20000718   Data          64  main.o(.bss)
    huart6                                   0x20000758   Data          64  main.o(.bss)
    hdma_usart2_rx                           0x20000798   Data          96  main.o(.bss)
    hdma_usart2_tx                           0x200007f8   Data          96  main.o(.bss)
    hdma_usart3_rx                           0x20000858   Data          96  main.o(.bss)
    hdma_usart3_tx                           0x200008b8   Data          96  main.o(.bss)
    hdma_usart6_rx                           0x20000918   Data          96  main.o(.bss)
    hdma_usart6_tx                           0x20000978   Data          96  main.o(.bss)
    htim10                                   0x200009d8   Data          60  stm32f4xx_hal_timebase_tim.o(.bss)
    debug_uart_dma_buff                      0x20000a14   Data         256  debug_uart.o(.bss)
    debug_uart_buff                          0x20000b14   Data         257  debug_uart.o(.bss)
    debug_send_buff                          0x20000c15   Data         256  debug_uart.o(.bss)
    debug_send_buff1                         0x20000d18   Data        1028  debug_uart.o(.bss)
    debug_send_buff2                         0x2000111c   Data        1028  debug_uart.o(.bss)
    cmd_param_int                            0x20001520   Data          44  debug_uart.o(.bss)
    test1000p                                0x2000154c   Data          11  debug_uart.o(.bss)
    cmd                                      0x20001557   Data         100  debug_uart.o(.bss)
    param                                    0x200015bb   Data          32  debug_uart.o(.bss)
    flash_buff                               0x200015db   Data         256  flash.o(.bss)
    ap_param                                 0x200016db   Data          26  flash.o(.bss)
    __initial_sp                             0x20001ef8   Data           0  startup_stm32f429xx.o(STACK)



==============================================================================

Memory Map of the image

  Image Entry point : 0x080001ad

  Load Region LR_IROM1 (Base: 0x08000000, Size: 0x000081b0, Max: 0x00200000, ABSOLUTE, COMPRESSED[0x0000808c])

    Execution Region ER_IROM1 (Base: 0x08000000, Size: 0x00007fb8, Max: 0x00200000, ABSOLUTE)

    Base Addr    Size         Type   Attr      Idx    E Section Name        Object

    0x08000000   0x000001ac   Data   RO            3    RESET               startup_stm32f429xx.o
    0x080001ac   0x00000000   Code   RO         4794  * .ARM.Collect$$$$00000000  mc_w.l(entry.o)
    0x080001ac   0x00000004   Code   RO         5115    .ARM.Collect$$$$00000001  mc_w.l(entry2.o)
    0x080001b0   0x00000004   Code   RO         5118    .ARM.Collect$$$$00000004  mc_w.l(entry5.o)
    0x080001b4   0x00000000   Code   RO         5120    .ARM.Collect$$$$00000008  mc_w.l(entry7b.o)
    0x080001b4   0x00000000   Code   RO         5122    .ARM.Collect$$$$0000000A  mc_w.l(entry8b.o)
    0x080001b4   0x00000008   Code   RO         5123    .ARM.Collect$$$$0000000B  mc_w.l(entry9a.o)
    0x080001bc   0x00000000   Code   RO         5125    .ARM.Collect$$$$0000000D  mc_w.l(entry10a.o)
    0x080001bc   0x00000000   Code   RO         5127    .ARM.Collect$$$$0000000F  mc_w.l(entry11a.o)
    0x080001bc   0x00000004   Code   RO         5116    .ARM.Collect$$$$00002712  mc_w.l(entry2.o)
    0x080001c0   0x00000024   Code   RO            4    .text               startup_stm32f429xx.o
    0x080001e4   0x00000024   Code   RO         4797    .text               mc_w.l(memcpya.o)
    0x08000208   0x00000024   Code   RO         4799    .text               mc_w.l(memseta.o)
    0x0800022c   0x0000000e   Code   RO         4801    .text               mc_w.l(strlen.o)
    0x0800023a   0x0000001c   Code   RO         4803    .text               mc_w.l(strcmp.o)
    0x08000256   0x0000014e   Code   RO         5068    .text               mf_w.l(dadd.o)
    0x080003a4   0x000000e4   Code   RO         5070    .text               mf_w.l(dmul.o)
    0x08000488   0x000000de   Code   RO         5072    .text               mf_w.l(ddiv.o)
    0x08000566   0x00000022   Code   RO         5074    .text               mf_w.l(dflti.o)
    0x08000588   0x0000001a   Code   RO         5076    .text               mf_w.l(dfltui.o)
    0x080005a2   0x0000003e   Code   RO         5078    .text               mf_w.l(dfixi.o)
    0x080005e0   0x00000032   Code   RO         5080    .text               mf_w.l(dfixui.o)
    0x08000612   0x00000062   Code   RO         5134    .text               mc_w.l(uldiv.o)
    0x08000674   0x0000001e   Code   RO         5136    .text               mc_w.l(llshl.o)
    0x08000692   0x00000020   Code   RO         5138    .text               mc_w.l(llushr.o)
    0x080006b2   0x00000024   Code   RO         5140    .text               mc_w.l(llsshr.o)
    0x080006d6   0x00000000   Code   RO         5149    .text               mc_w.l(iusefp.o)
    0x080006d6   0x000000ba   Code   RO         5150    .text               mf_w.l(depilogue.o)
    0x08000790   0x0000002e   Code   RO         5154    .text               mf_w.l(dscalb.o)
    0x080007be   0x00000002   PAD
    0x080007c0   0x00000030   Code   RO         5160    .text               mf_w.l(cdrcmple.o)
    0x080007f0   0x00000024   Code   RO         5162    .text               mc_w.l(init.o)
    0x08000814   0x000000a2   Code   RO         5166    .text               mf_w.l(dsqrt.o)
    0x080008b6   0x00000056   Code   RO         5176    .text               mc_w.l(__dczerorl2.o)
    0x0800090c   0x00000002   Code   RO         4318    i.BusFault_Handler  stm32f4xx_it.o
    0x0800090e   0x00000002   PAD
    0x08000910   0x0000000c   Code   RO         4319    i.DMA1_Stream1_IRQHandler  stm32f4xx_it.o
    0x0800091c   0x0000000c   Code   RO         4320    i.DMA1_Stream3_IRQHandler  stm32f4xx_it.o
    0x08000928   0x0000000c   Code   RO         4321    i.DMA1_Stream5_IRQHandler  stm32f4xx_it.o
    0x08000934   0x0000000c   Code   RO         4322    i.DMA1_Stream6_IRQHandler  stm32f4xx_it.o
    0x08000940   0x0000000c   Code   RO         4323    i.DMA2_Stream1_IRQHandler  stm32f4xx_it.o
    0x0800094c   0x0000000c   Code   RO         4324    i.DMA2_Stream6_IRQHandler  stm32f4xx_it.o
    0x08000958   0x00000028   Code   RO         3290    i.DMA_CalcBaseAndBitshift  stm32f4xx_hal_dma.o
    0x08000980   0x00000054   Code   RO         3291    i.DMA_CheckFifoParam  stm32f4xx_hal_dma.o
    0x080009d4   0x00000028   Code   RO         3292    i.DMA_SetConfig     stm32f4xx_hal_dma.o
    0x080009fc   0x00000002   Code   RO         4325    i.DebugMon_Handler  stm32f4xx_it.o
    0x080009fe   0x00000006   Code   RO         4326    i.EXTI3_IRQHandler  stm32f4xx_it.o
    0x08000a04   0x00000014   Code   RO         4327    i.EXTI9_5_IRQHandler  stm32f4xx_it.o
    0x08000a18   0x00000060   Code   RO         2336    i.FLASH_Erase_Sector  stm32f4xx_hal_flash_ex.o
    0x08000a78   0x00000054   Code   RO         2337    i.FLASH_FlushCaches  stm32f4xx_hal_flash_ex.o
    0x08000acc   0x00000040   Code   RO         2338    i.FLASH_MassErase   stm32f4xx_hal_flash_ex.o
    0x08000b0c   0x00000020   Code   RO         2951    i.FLASH_Program_Byte  stm32f4xx_hal_flash.o
    0x08000b2c   0x00000028   Code   RO         2952    i.FLASH_Program_DoubleWord  stm32f4xx_hal_flash.o
    0x08000b54   0x00000024   Code   RO         2953    i.FLASH_Program_HalfWord  stm32f4xx_hal_flash.o
    0x08000b78   0x00000024   Code   RO         2954    i.FLASH_Program_Word  stm32f4xx_hal_flash.o
    0x08000b9c   0x0000007c   Code   RO         2955    i.FLASH_SetErrorCode  stm32f4xx_hal_flash.o
    0x08000c18   0x00000050   Code   RO         2956    i.FLASH_WaitForLastOperation  stm32f4xx_hal_flash.o
    0x08000c68   0x0000003c   Code   RO         2892    i.HAL_CRC_Calculate  stm32f4xx_hal_crc.o
    0x08000ca4   0x00000026   Code   RO         2895    i.HAL_CRC_Init      stm32f4xx_hal_crc.o
    0x08000cca   0x00000002   PAD
    0x08000ccc   0x00000028   Code   RO         4507    i.HAL_CRC_MspInit   stm32f4xx_hal_msp.o
    0x08000cf4   0x0000008e   Code   RO         3293    i.HAL_DMA_Abort     stm32f4xx_hal_dma.o
    0x08000d82   0x00000024   Code   RO         3294    i.HAL_DMA_Abort_IT  stm32f4xx_hal_dma.o
    0x08000da6   0x00000002   PAD
    0x08000da8   0x000001a8   Code   RO         3298    i.HAL_DMA_IRQHandler  stm32f4xx_hal_dma.o
    0x08000f50   0x000000d4   Code   RO         3299    i.HAL_DMA_Init      stm32f4xx_hal_dma.o
    0x08001024   0x00000078   Code   RO         3303    i.HAL_DMA_Start_IT  stm32f4xx_hal_dma.o
    0x0800109c   0x0000009c   Code   RO         2343    i.HAL_FLASHEx_Erase  stm32f4xx_hal_flash_ex.o
    0x08001138   0x00000014   Code   RO         2960    i.HAL_FLASH_Lock    stm32f4xx_hal_flash.o
    0x0800114c   0x0000007c   Code   RO         2965    i.HAL_FLASH_Program  stm32f4xx_hal_flash.o
    0x080011c8   0x00000028   Code   RO         2967    i.HAL_FLASH_Unlock  stm32f4xx_hal_flash.o
    0x080011f0   0x00000028   Code   RO          295    i.HAL_GPIO_EXTI_Callback  rf_hal.o
    0x08001218   0x00000018   Code   RO         3226    i.HAL_GPIO_EXTI_IRQHandler  stm32f4xx_hal_gpio.o
    0x08001230   0x000001dc   Code   RO         3227    i.HAL_GPIO_Init     stm32f4xx_hal_gpio.o
    0x0800140c   0x00000008   Code   RO         3230    i.HAL_GPIO_TogglePin  stm32f4xx_hal_gpio.o
    0x08001414   0x0000000a   Code   RO         3231    i.HAL_GPIO_WritePin  stm32f4xx_hal_gpio.o
    0x0800141e   0x00000002   PAD
    0x08001420   0x0000000c   Code   RO         2186    i.HAL_GetTick       stm32f4xx_hal.o
    0x0800142c   0x00000010   Code   RO         2188    i.HAL_IncTick       stm32f4xx_hal.o
    0x0800143c   0x00000034   Code   RO         2189    i.HAL_Init          stm32f4xx_hal.o
    0x08001470   0x00000074   Code   RO         4466    i.HAL_InitTick      stm32f4xx_hal_timebase_tim.o
    0x080014e4   0x00000058   Code   RO         4508    i.HAL_MspInit       stm32f4xx_hal_msp.o
    0x0800153c   0x00000016   Code   RO         3503    i.HAL_NVIC_EnableIRQ  stm32f4xx_hal_cortex.o
    0x08001552   0x00000002   PAD
    0x08001554   0x00000040   Code   RO         3509    i.HAL_NVIC_SetPriority  stm32f4xx_hal_cortex.o
    0x08001594   0x00000024   Code   RO         3510    i.HAL_NVIC_SetPriorityGrouping  stm32f4xx_hal_cortex.o
    0x080015b8   0x00000174   Code   RO         3397    i.HAL_RCC_ClockConfig  stm32f4xx_hal_rcc.o
    0x0800172c   0x00000040   Code   RO         3401    i.HAL_RCC_GetClockConfig  stm32f4xx_hal_rcc.o
    0x0800176c   0x0000000c   Code   RO         3402    i.HAL_RCC_GetHCLKFreq  stm32f4xx_hal_rcc.o
    0x08001778   0x00000030   Code   RO         3404    i.HAL_RCC_GetPCLK1Freq  stm32f4xx_hal_rcc.o
    0x080017a8   0x00000030   Code   RO         3405    i.HAL_RCC_GetPCLK2Freq  stm32f4xx_hal_rcc.o
    0x080017d8   0x00000074   Code   RO         3406    i.HAL_RCC_GetSysClockFreq  stm32f4xx_hal_rcc.o
    0x0800184c   0x00000314   Code   RO         3409    i.HAL_RCC_OscConfig  stm32f4xx_hal_rcc.o
    0x08001b60   0x00000080   Code   RO         2465    i.HAL_SPI_Init      stm32f4xx_hal_spi.o
    0x08001be0   0x000000a4   Code   RO         4510    i.HAL_SPI_MspInit   stm32f4xx_hal_msp.o
    0x08001c84   0x000001ca   Code   RO         2474    i.HAL_SPI_TransmitReceive  stm32f4xx_hal_spi.o
    0x08001e4e   0x00000018   Code   RO         3512    i.HAL_SYSTICK_CLKSourceConfig  stm32f4xx_hal_cortex.o
    0x08001e66   0x00000002   PAD
    0x08001e68   0x0000006c   Code   RO          572    i.HAL_SYSTICK_Callback  ap_s.o
    0x08001ed4   0x00000028   Code   RO         3514    i.HAL_SYSTICK_Config  stm32f4xx_hal_cortex.o
    0x08001efc   0x00000008   Code   RO         3515    i.HAL_SYSTICK_IRQHandler  stm32f4xx_hal_cortex.o
    0x08001f04   0x00000002   Code   RO         3959    i.HAL_TIMEx_BreakCallback  stm32f4xx_hal_tim_ex.o
    0x08001f06   0x00000002   Code   RO         3960    i.HAL_TIMEx_CommutationCallback  stm32f4xx_hal_tim_ex.o
    0x08001f08   0x00000036   Code   RO         1542    i.HAL_TIM_Base_Init  stm32f4xx_hal_tim.o
    0x08001f3e   0x00000002   Code   RO         1544    i.HAL_TIM_Base_MspInit  stm32f4xx_hal_tim.o
    0x08001f40   0x00000018   Code   RO         1547    i.HAL_TIM_Base_Start_IT  stm32f4xx_hal_tim.o
    0x08001f58   0x00000002   Code   RO         1571    i.HAL_TIM_IC_CaptureCallback  stm32f4xx_hal_tim.o
    0x08001f5a   0x00000166   Code   RO         1584    i.HAL_TIM_IRQHandler  stm32f4xx_hal_tim.o
    0x080020c0   0x00000002   Code   RO         1587    i.HAL_TIM_OC_DelayElapsedCallback  stm32f4xx_hal_tim.o
    0x080020c2   0x00000002   Code   RO         1614    i.HAL_TIM_PWM_PulseFinishedCallback  stm32f4xx_hal_tim.o
    0x080020c4   0x00000014   Code   RO         4236    i.HAL_TIM_PeriodElapsedCallback  main.o
    0x080020d8   0x00000002   Code   RO         1625    i.HAL_TIM_TriggerCallback  stm32f4xx_hal_tim.o
    0x080020da   0x00000002   Code   RO         3654    i.HAL_UART_ErrorCallback  stm32f4xx_hal_uart.o
    0x080020dc   0x00000110   Code   RO         3657    i.HAL_UART_IRQHandler  stm32f4xx_hal_uart.o
    0x080021ec   0x00000062   Code   RO         3658    i.HAL_UART_Init     stm32f4xx_hal_uart.o
    0x0800224e   0x00000002   PAD
    0x08002250   0x000002ac   Code   RO         4512    i.HAL_UART_MspInit  stm32f4xx_hal_msp.o
    0x080024fc   0x00000098   Code   RO         3662    i.HAL_UART_Receive_DMA  stm32f4xx_hal_uart.o
    0x08002594   0x00000002   Code   RO         3664    i.HAL_UART_RxCpltCallback  stm32f4xx_hal_uart.o
    0x08002596   0x00000002   Code   RO         3665    i.HAL_UART_RxHalfCpltCallback  stm32f4xx_hal_uart.o
    0x08002598   0x00000080   Code   RO         3667    i.HAL_UART_Transmit_DMA  stm32f4xx_hal_uart.o
    0x08002618   0x00000002   Code   RO         3669    i.HAL_UART_TxCpltCallback  stm32f4xx_hal_uart.o
    0x0800261a   0x00000002   Code   RO         3670    i.HAL_UART_TxHalfCpltCallback  stm32f4xx_hal_uart.o
    0x0800261c   0x00000002   Code   RO         4328    i.HardFault_Handler  stm32f4xx_it.o
    0x0800261e   0x00000002   PAD
    0x08002620   0x0000008c   Code   RO         4237    i.MX_DMA_Init       main.o
    0x080026ac   0x000002f8   Code   RO         4238    i.MX_GPIO_Init      main.o
    0x080029a4   0x00000040   Code   RO         4239    i.MX_SPI1_Init      main.o
    0x080029e4   0x00000040   Code   RO         4240    i.MX_SPI4_Init      main.o
    0x08002a24   0x00000040   Code   RO         4241    i.MX_SPI5_Init      main.o
    0x08002a64   0x00000002   Code   RO         4329    i.MemManage_Handler  stm32f4xx_it.o
    0x08002a66   0x00000002   Code   RO         4330    i.NMI_Handler       stm32f4xx_it.o
    0x08002a68   0x00000020   Code   RO         3516    i.NVIC_SetPriority  stm32f4xx_hal_cortex.o
    0x08002a88   0x00000002   Code   RO         4331    i.PendSV_Handler    stm32f4xx_it.o
    0x08002a8a   0x00000002   PAD
    0x08002a8c   0x0000005c   Code   RO           13    i.RF1_Send_packet   rf.o
    0x08002ae8   0x00000054   Code   RO           14    i.RF1_Send_packet_step1  rf.o
    0x08002b3c   0x0000002c   Code   RO           15    i.RF1_Send_packet_step2  rf.o
    0x08002b68   0x00000018   Code   RO          296    i.RF1_crxtx         rf_hal.o
    0x08002b80   0x0000063c   Code   RO           16    i.RF1_irq_hand_io0  rf.o
    0x080031bc   0x00000018   Code   RO          297    i.RF1_power         rf_hal.o
    0x080031d4   0x00000018   Code   RO          298    i.RF1_reset         rf_hal.o
    0x080031ec   0x00000044   Code   RO           17    i.RF1_set_ch        rf.o
    0x08003230   0x0000005c   Code   RO           18    i.RF2_Send_packet   rf.o
    0x0800328c   0x00000054   Code   RO           19    i.RF2_Send_packet_step1  rf.o
    0x080032e0   0x0000002c   Code   RO           20    i.RF2_Send_packet_step2  rf.o
    0x0800330c   0x00000018   Code   RO          299    i.RF2_crxtx         rf_hal.o
    0x08003324   0x0000051c   Code   RO           21    i.RF2_irq_hand_io0  rf.o
    0x08003840   0x00000018   Code   RO          300    i.RF2_power         rf_hal.o
    0x08003858   0x00000018   Code   RO          301    i.RF2_reset         rf_hal.o
    0x08003870   0x00000044   Code   RO           22    i.RF2_set_ch        rf.o
    0x080038b4   0x0000005c   Code   RO           23    i.RF3_Send_packet   rf.o
    0x08003910   0x00000054   Code   RO           24    i.RF3_Send_packet_step1  rf.o
    0x08003964   0x0000002c   Code   RO           25    i.RF3_Send_packet_step2  rf.o
    0x08003990   0x00000018   Code   RO          302    i.RF3_crxtx         rf_hal.o
    0x080039a8   0x0000046c   Code   RO           26    i.RF3_irq_hand_io0  rf.o
    0x08003e14   0x00000018   Code   RO          303    i.RF3_power         rf_hal.o
    0x08003e2c   0x00000018   Code   RO          304    i.RF3_reset         rf_hal.o
    0x08003e44   0x00000044   Code   RO           27    i.RF3_set_ch        rf.o
    0x08003e88   0x000000b4   Code   RO           28    i.RF_init           rf.o
    0x08003f3c   0x00000018   Code   RO          305    i.SPI1_Cs           rf_hal.o
    0x08003f54   0x0000001c   Code   RO          306    i.SPI1_ReadWrite    rf_hal.o
    0x08003f70   0x00000018   Code   RO          307    i.SPI4_Cs           rf_hal.o
    0x08003f88   0x0000001c   Code   RO          308    i.SPI4_ReadWrite    rf_hal.o
    0x08003fa4   0x00000018   Code   RO          309    i.SPI5_Cs           rf_hal.o
    0x08003fbc   0x0000001c   Code   RO          310    i.SPI5_ReadWrite    rf_hal.o
    0x08003fd8   0x00000020   Code   RO         2489    i.SPI_CheckFlag_BSY  stm32f4xx_hal_spi.o
    0x08003ff8   0x00000096   Code   RO         2507    i.SPI_WaitFlagStateUntilTimeout  stm32f4xx_hal_spi.o
    0x0800408e   0x00000002   Code   RO         4332    i.SVC_Handler       stm32f4xx_it.o
    0x08004090   0x0000001c   Code   RO          661    i.SX1276Init        sx1276.o
    0x080040ac   0x00000004   Code   RO          311    i.SX1276InitIo      rf_hal.o
    0x080040b0   0x00000110   Code   RO          803    i.SX1276LoRaInit    sx1276-lora.o
    0x080041c0   0x00000010   Code   RO          809    i.SX1276LoRaSetDefaults  sx1276-lora.o
    0x080041d0   0x00000034   Code   RO          965    i.SX1276LoRaSetErrorCoding  sx1276-loramisc.o
    0x08004204   0x00000030   Code   RO          968    i.SX1276LoRaSetImplicitHeaderOn  sx1276-loramisc.o
    0x08004234   0x00000030   Code   RO          969    i.SX1276LoRaSetLowDatarateOptimize  sx1276-loramisc.o
    0x08004264   0x0000002c   Code   RO          970    i.SX1276LoRaSetNbTrigPeaks  sx1276-loramisc.o
    0x08004290   0x00000030   Code   RO          810    i.SX1276LoRaSetOpMode  sx1276-lora.o
    0x080042c0   0x0000002c   Code   RO          971    i.SX1276LoRaSetPAOutput  sx1276-loramisc.o
    0x080042ec   0x00000044   Code   RO          972    i.SX1276LoRaSetPa20dBm  sx1276-loramisc.o
    0x08004330   0x00000034   Code   RO          974    i.SX1276LoRaSetPacketCrcOn  sx1276-loramisc.o
    0x08004364   0x00000024   Code   RO          975    i.SX1276LoRaSetPayloadLength  sx1276-loramisc.o
    0x08004388   0x00000048   Code   RO          977    i.SX1276LoRaSetRFFrequency  sx1276-loramisc.o
    0x080043d0   0x0000009c   Code   RO          978    i.SX1276LoRaSetRFPower  sx1276-loramisc.o
    0x0800446c   0x00000030   Code   RO          981    i.SX1276LoRaSetSignalBandwidth  sx1276-loramisc.o
    0x0800449c   0x00000054   Code   RO          982    i.SX1276LoRaSetSpreadingFactor  sx1276-loramisc.o
    0x080044f0   0x00000038   Code   RO          983    i.SX1276LoRaSetSymbTimeout  sx1276-loramisc.o
    0x08004528   0x00000038   Code   RO          814    i.SX1276LoRaStartRxPkt  sx1276-lora.o
    0x08004560   0x00000014   Code   RO          312    i.SX1276Power       rf_hal.o
    0x08004574   0x00000038   Code   RO          313    i.SX1276Read        rf_hal.o
    0x080045ac   0x00000044   Code   RO          314    i.SX1276ReadBuffer  rf_hal.o
    0x080045f0   0x0000000a   Code   RO          321    i.SX1276ReadFifo    rf_hal.o
    0x080045fa   0x00000002   PAD
    0x080045fc   0x00000020   Code   RO          665    i.SX1276Reset       sx1276.o
    0x0800461c   0x00000078   Code   RO          666    i.SX1276SetLoRaOn   sx1276.o
    0x08004694   0x00000018   Code   RO          322    i.SX1276SetReset    rf_hal.o
    0x080046ac   0x00000038   Code   RO          323    i.SX1276Write       rf_hal.o
    0x080046e4   0x00000044   Code   RO          324    i.SX1276WriteBuffer  rf_hal.o
    0x08004728   0x0000000a   Code   RO          325    i.SX1276WriteFifo   rf_hal.o
    0x08004732   0x00000002   PAD
    0x08004734   0x00000014   Code   RO          326    i.SX1276WriteRxTx   rf_hal.o
    0x08004748   0x00000004   Code   RO         4333    i.SysTick_Handler   stm32f4xx_it.o
    0x0800474c   0x000000a4   Code   RO         4242    i.SystemClock_Config  main.o
    0x080047f0   0x00000054   Code   RO         4199    i.SystemInit        system_stm32f4xx.o
    0x08004844   0x0000000c   Code   RO         4334    i.TIM1_UP_TIM10_IRQHandler  stm32f4xx_it.o
    0x08004850   0x000000c0   Code   RO         1626    i.TIM_Base_SetConfig  stm32f4xx_hal_tim.o
    0x08004910   0x00000010   Code   RO         3671    i.UART_DMAAbortOnError  stm32f4xx_hal_uart.o
    0x08004920   0x0000004a   Code   RO         3672    i.UART_DMAError     stm32f4xx_hal_uart.o
    0x0800496a   0x0000003c   Code   RO         3673    i.UART_DMAReceiveCplt  stm32f4xx_hal_uart.o
    0x080049a6   0x0000000a   Code   RO         3675    i.UART_DMARxHalfCplt  stm32f4xx_hal_uart.o
    0x080049b0   0x0000002e   Code   RO         3677    i.UART_DMATransmitCplt  stm32f4xx_hal_uart.o
    0x080049de   0x0000000a   Code   RO         3679    i.UART_DMATxHalfCplt  stm32f4xx_hal_uart.o
    0x080049e8   0x0000001c   Code   RO         3681    i.UART_EndRxTransfer  stm32f4xx_hal_uart.o
    0x08004a04   0x00000012   Code   RO         3682    i.UART_EndTxTransfer  stm32f4xx_hal_uart.o
    0x08004a16   0x0000008c   Code   RO         3683    i.UART_Receive_IT   stm32f4xx_hal_uart.o
    0x08004aa2   0x00000002   PAD
    0x08004aa4   0x000002ac   Code   RO         3684    i.UART_SetConfig    stm32f4xx_hal_uart.o
    0x08004d50   0x00000062   Code   RO         3685    i.UART_Transmit_IT  stm32f4xx_hal_uart.o
    0x08004db2   0x00000002   PAD
    0x08004db4   0x0000000c   Code   RO         4335    i.USART2_IRQHandler  stm32f4xx_it.o
    0x08004dc0   0x0000000c   Code   RO         4336    i.USART3_IRQHandler  stm32f4xx_it.o
    0x08004dcc   0x00000028   Code   RO         4337    i.USART6_IRQHandler  stm32f4xx_it.o
    0x08004df4   0x00000002   Code   RO         4338    i.UsageFault_Handler  stm32f4xx_it.o
    0x08004df6   0x00000002   Code   RO         4243    i._Error_Handler    main.o
    0x08004df8   0x00000028   Code   RO         5016    i.__0sprintf$8      mc_w.l(printf8.o)
    0x08004e20   0x00000030   Code   RO         5098    i.__ARM_fpclassify  m_wm.l(fpclassify.o)
    0x08004e50   0x00000c50   Code   RO         4776    i.__hardfp_pow      m_wm.l(pow.o)
    0x08005aa0   0x000000f8   Code   RO         5100    i.__kernel_poly     m_wm.l(poly.o)
    0x08005b98   0x00000030   Code   RO         5084    i.__mathlib_dbl_divzero  m_wm.l(dunder.o)
    0x08005bc8   0x00000014   Code   RO         5086    i.__mathlib_dbl_infnan2  m_wm.l(dunder.o)
    0x08005bdc   0x00000004   PAD
    0x08005be0   0x00000020   Code   RO         5087    i.__mathlib_dbl_invalid  m_wm.l(dunder.o)
    0x08005c00   0x00000020   Code   RO         5088    i.__mathlib_dbl_overflow  m_wm.l(dunder.o)
    0x08005c20   0x00000020   Code   RO         5090    i.__mathlib_dbl_underflow  m_wm.l(dunder.o)
    0x08005c40   0x0000000e   Code   RO         5170    i.__scatterload_copy  mc_w.l(handlers.o)
    0x08005c4e   0x00000002   Code   RO         5171    i.__scatterload_null  mc_w.l(handlers.o)
    0x08005c50   0x0000000e   Code   RO         5172    i.__scatterload_zeroinit  mc_w.l(handlers.o)
    0x08005c5e   0x00000002   PAD
    0x08005c60   0x0000000c   Code   RO         5144    i.__set_errno       mc_w.l(errno.o)
    0x08005c6c   0x00000410   Code   RO         5021    i._printf_core      mc_w.l(printf8.o)
    0x0800607c   0x00000024   Code   RO         5022    i._printf_post_padding  mc_w.l(printf8.o)
    0x080060a0   0x0000002e   Code   RO         5023    i._printf_pre_padding  mc_w.l(printf8.o)
    0x080060ce   0x0000000a   Code   RO         5025    i._sputc            mc_w.l(printf8.o)
    0x080060d8   0x00000020   Code   RO           29    i.cal_crc_table     rf.o
    0x080060f8   0x00000054   Code   RO         4567    i.copy_string_to_double_buff  debug_uart.o
    0x0800614c   0x00000014   Code   RO           30    i.crc_add           rf.o
    0x08006160   0x0000001e   Code   RO           31    i.crc_add_judge     rf.o
    0x0800617e   0x00000002   PAD
    0x08006180   0x00000024   Code   RO         4568    i.debug_cmd_handle  debug_uart.o
    0x080061a4   0x000000ec   Code   RO           32    i.debug_rf_send_syn_ok  rf.o
    0x08006290   0x00000070   Code   RO         4569    i.debug_send_double_buff_poll  debug_uart.o
    0x08006300   0x00000030   Code   RO         4570    i.debug_uart_send_string  debug_uart.o
    0x08006330   0x00000018   Code   RO         4772    i.fabs              m_wm.l(fabs.o)
    0x08006348   0x00000070   Code   RO         4572    i.get_ap_param      debug_uart.o
    0x080063b8   0x0000003c   Code   RO         4573    i.get_cmd           debug_uart.o
    0x080063f4   0x00000070   Code   RO         4574    i.get_q_string      debug_uart.o
    0x08006464   0x0000005c   Code   RO         4575    i.get_str_param     debug_uart.o
    0x080064c0   0x0000000c   Code   RO         4576    i.help              debug_uart.o
    0x080064cc   0x000000b4   Code   RO          330    i.hw_init           rf_hal.o
    0x08006580   0x0000004c   Code   RO         4720    i.init_ap_param     flash.o
    0x080065cc   0x00000048   Code   RO          331    i.io1_read          rf_hal.o
    0x08006614   0x00000048   Code   RO          332    i.io2_read          rf_hal.o
    0x0800665c   0x00000054   Code   RO          333    i.io3_read          rf_hal.o
    0x080066b0   0x00000110   Code   RO         4244    i.main              main.o
    0x080067c0   0x000000c8   Code   RO         4577    i.oncmd_rf_set_ch   debug_uart.o
    0x08006888   0x000000f0   Code   RO         4578    i.power_on_auto_send_test  debug_uart.o
    0x08006978   0x0000017c   Code   RO         4721    i.read_ap_param_flash  flash.o
    0x08006af4   0x000000e8   Code   RO          575    i.send_ack          ap_s.o
    0x08006bdc   0x00000094   Code   RO         4580    i.send_sensor_rftest_enable  debug_uart.o
    0x08006c70   0x00000098   Code   RO          576    i.send_sensor_rftest_packet  ap_s.o
    0x08006d08   0x000000d4   Code   RO          577    i.send_syn          ap_s.o
    0x08006ddc   0x00000098   Code   RO         4581    i.setRFPower        debug_uart.o
    0x08006e74   0x00000134   Code   RO         4582    i.set_test1000p_sf_bw_freq  debug_uart.o
    0x08006fa8   0x00000014   Code   RO          578    i.slot              ap_s.o
    0x08006fbc   0x0000006e   Code   RO         5105    i.sqrt              m_wm.l(sqrt.o)
    0x0800702a   0x00000002   PAD
    0x0800702c   0x00000020   Code   RO         4583    i.start_from_debug_dma_receive  debug_uart.o
    0x0800704c   0x00000080   Code   RO         4584    i.str_to_int        debug_uart.o
    0x080070cc   0x000001c8   Code   RO         4585    i.test_1000_packet_mode  debug_uart.o
    0x08007294   0x000001dc   Code   RO           33    i.test_1000packet_send  rf.o
    0x08007470   0x0000007c   Code   RO         4586    i.test_1000packet_send_  debug_uart.o
    0x080074ec   0x00000050   Code   RO         4587    i.uart_from_debug_idle_callback  debug_uart.o
    0x0800753c   0x00000010   Code   RO         4245    i.watch_dog_feed    main.o
    0x0800754c   0x00000158   Code   RO         4722    i.write_ap_param_flash  flash.o
    0x080076a4   0x000001a4   Data   RO           35    .constdata          rf.o
    0x08007848   0x000001bc   Data   RO          816    .constdata          sx1276-lora.o
    0x08007a04   0x00000008   Data   RO         3305    .constdata          stm32f4xx_hal_dma.o
    0x08007a0c   0x00000010   Data   RO         4200    .constdata          system_stm32f4xx.o
    0x08007a1c   0x00000008   Data   RO         4201    .constdata          system_stm32f4xx.o
    0x08007a24   0x00000004   PAD
    0x08007a28   0x00000088   Data   RO         4779    .constdata          m_wm.l(pow.o)
    0x08007ab0   0x00000008   Data   RO         5102    .constdata          m_wm.l(qnan.o)
    0x08007ab8   0x0000026d   Data   RO           36    .conststring        rf.o
    0x08007d25   0x00000003   PAD
    0x08007d28   0x0000026e   Data   RO         4589    .conststring        debug_uart.o
    0x08007f96   0x00000002   PAD
    0x08007f98   0x00000020   Data   RO         5168    Region$$Table       anon$$obj.o


    Execution Region RW_IRAM1 (Base: 0x20000000, Size: 0x00001ef8, Max: 0x00030000, ABSOLUTE, COMPRESSED[0x000000d4])

    Base Addr    Size         Type   Attr      Idx    E Section Name        Object

    0x20000000   0x0000004c   Data   RW           37    .data               rf.o
    0x2000004c   0x00000004   Data   RW          335    .data               rf_hal.o
    0x20000050   0x00000008   Data   RW          581    .data               ap_s.o
    0x20000058   0x00000002   Data   RW          674    .data               sx1276.o
    0x2000005a   0x00000006   PAD
    0x20000060   0x0000003c   Data   RW          817    .data               sx1276-lora.o
    0x2000009c   0x00000004   PAD
    0x200000a0   0x00000054   Data   RW         1224    .data               sx1276-fsk.o
    0x200000f4   0x00000004   Data   RW         2195    .data               stm32f4xx_hal.o
    0x200000f8   0x00000004   Data   RW         4202    .data               system_stm32f4xx.o
    0x200000fc   0x0000000c   Data   RW         4253    .data               main.o
    0x20000108   0x000000e8   Data   RW         4590    .data               debug_uart.o
    0x200001f0   0x00000001   Data   RW         4725    .data               flash.o
    0x200001f1   0x00000003   PAD
    0x200001f4   0x00000004   Data   RW         5145    .data               mc_w.l(errno.o)
    0x200001f8   0x0000015c   Zero   RW           34    .bss                rf.o
    0x20000354   0x000000eb   Zero   RW          334    .bss                rf_hal.o
    0x2000043f   0x00000021   Zero   RW          580    .bss                ap_s.o
    0x20000460   0x00000070   Zero   RW          671    .bss                sx1276.o
    0x200004d0   0x00000070   Zero   RW          672    .bss                sx1276.o
    0x20000540   0x00000070   Zero   RW          673    .bss                sx1276.o
    0x200005b0   0x00000020   Zero   RW         2968    .bss                stm32f4xx_hal_flash.o
    0x200005d0   0x000001c8   Zero   RW         4246    .bss                main.o
    0x20000798   0x00000060   Zero   RW         4247    .bss                main.o
    0x200007f8   0x00000060   Zero   RW         4248    .bss                main.o
    0x20000858   0x00000060   Zero   RW         4249    .bss                main.o
    0x200008b8   0x00000060   Zero   RW         4250    .bss                main.o
    0x20000918   0x00000060   Zero   RW         4251    .bss                main.o
    0x20000978   0x00000060   Zero   RW         4252    .bss                main.o
    0x200009d8   0x0000003c   Zero   RW         4469    .bss                stm32f4xx_hal_timebase_tim.o
    0x20000a14   0x00000bc7   Zero   RW         4588    .bss                debug_uart.o
    0x200015db   0x0000011a   Zero   RW         4724    .bss                flash.o
    0x200016f5   0x00000003   PAD
    0x200016f8   0x00000800   Zero   RW            1    STACK               startup_stm32f429xx.o


==============================================================================

Image component sizes


      Code (inc. data)   RO Data    RW Data    ZI Data      Debug   Object Name

       724         62          0          8         33       5774   ap_s.o
      2536        750        622        232       3015      16003   debug_uart.o
       800         72          0          1        282       5120   flash.o
      1566        132          0         12       1032       8054   main.o
      5874       1434       1041         76        348     789548   rf.o
      1156        262          0          4        235      36108   rf_hal.o
        36          8        428          0       2048        864   startup_stm32f429xx.o
        80         16          0          4          0       3408   stm32f4xx_hal.o
       226         14          0          0          0      31906   stm32f4xx_hal_cortex.o
        98          0          0          0          0       2003   stm32f4xx_hal_crc.o
      1098         20          8          0          0       7770   stm32f4xx_hal_dma.o
       532         66          0          0         32       7050   stm32f4xx_hal_flash.o
       400         26          0          0          0       4582   stm32f4xx_hal_flash_ex.o
       518         60          0          0          0       4000   stm32f4xx_hal_gpio.o
       976        126          0          0          0       3897   stm32f4xx_hal_msp.o
      1448         94          0          0          0       6793   stm32f4xx_hal_rcc.o
       768          0          0          0          0       4609   stm32f4xx_hal_spi.o
       638         44          0          0          0       7642   stm32f4xx_hal_tim.o
         4          0          0          0          0       1786   stm32f4xx_hal_tim_ex.o
       116         16          0          0         60       1573   stm32f4xx_hal_timebase_tim.o
      1844         40          0          0          0      14878   stm32f4xx_hal_uart.o
       194         60          0          0          0      10673   stm32f4xx_it.o
         0          0          0         84          0      29653   sx1276-fsk.o
       392         28        444         60          0      18622   sx1276-lora.o
       808        104          0          0          0       8327   sx1276-loramisc.o
       180         16          0          2        336       3470   sx1276.o
        84         18         24          4          0       1279   system_stm32f4xx.o

    ----------------------------------------------------------------------
     23124       3468       2608        500       7424    1035392   Object Totals
         0          0         32          0          0          0   (incl. Generated)
        28          0          9         13          3          0   (incl. Padding)

    ----------------------------------------------------------------------

      Code (inc. data)   RO Data    RW Data    ZI Data      Debug   Library Member Name

       164         44          0          0          0        620   dunder.o
        24          0          0          0          0        124   fabs.o
        48          0          0          0          0        124   fpclassify.o
       248          0          0          0          0        152   poly.o
      3152        296        136          0          0        352   pow.o
         0          0          8          0          0          0   qnan.o
       110          0          0          0          0        148   sqrt.o
        86          0          0          0          0          0   __dczerorl2.o
         0          0          0          0          0          0   entry.o
         0          0          0          0          0          0   entry10a.o
         0          0          0          0          0          0   entry11a.o
         8          4          0          0          0          0   entry2.o
         4          0          0          0          0          0   entry5.o
         0          0          0          0          0          0   entry7b.o
         0          0          0          0          0          0   entry8b.o
         8          4          0          0          0          0   entry9a.o
        12          6          0          4          0         68   errno.o
        30          0          0          0          0          0   handlers.o
        36          8          0          0          0         68   init.o
         0          0          0          0          0          0   iusefp.o
        30          0          0          0          0         68   llshl.o
        36          0          0          0          0         68   llsshr.o
        32          0          0          0          0         68   llushr.o
        36          0          0          0          0         68   memcpya.o
        36          0          0          0          0        108   memseta.o
      1172         50          0          0          0        420   printf8.o
        28          0          0          0          0         76   strcmp.o
        14          0          0          0          0         68   strlen.o
        98          0          0          0          0         92   uldiv.o
        48          0          0          0          0         68   cdrcmple.o
       334          0          0          0          0        148   dadd.o
       222          0          0          0          0        100   ddiv.o
       186          0          0          0          0        176   depilogue.o
        62          0          0          0          0         80   dfixi.o
        50          0          0          0          0         76   dfixui.o
        34          0          0          0          0         76   dflti.o
        26          0          0          0          0         76   dfltui.o
       228          0          0          0          0         96   dmul.o
        46          0          0          0          0         80   dscalb.o
       162          0          0          0          0        100   dsqrt.o

    ----------------------------------------------------------------------
      6820        412        144          4          0       3768   Library Totals
        10          0          0          0          0          0   (incl. Padding)

    ----------------------------------------------------------------------

      Code (inc. data)   RO Data    RW Data    ZI Data      Debug   Library Name

      3746        340        144          0          0       1520   m_wm.l
      1666         72          0          4          0       1172   mc_w.l
      1398          0          0          0          0       1076   mf_w.l

    ----------------------------------------------------------------------
      6820        412        144          4          0       3768   Library Totals

    ----------------------------------------------------------------------

==============================================================================


      Code (inc. data)   RO Data    RW Data    ZI Data      Debug   

     29944       3880       2752        504       7424    1016800   Grand Totals
     29944       3880       2752        212       7424    1016800   ELF Image Totals (compressed)
     29944       3880       2752        212          0          0   ROM Totals

==============================================================================

    Total RO  Size (Code + RO Data)                32696 (  31.93kB)
    Total RW  Size (RW Data + ZI Data)              7928 (   7.74kB)
    Total ROM Size (Code + RO Data + RW Data)      32908 (  32.14kB)

==============================================================================

